Archive member included because of file (symbol)

common/libcommon.a(cmd_autoscript.o)
                              (__u_boot_cmd_autoscr)
common/libcommon.a(cmd_bdinfo.o)
                              (__u_boot_cmd_bdinfo)
common/libcommon.a(cmd_boot.o)
                              (__u_boot_cmd_go)
common/libcommon.a(cmd_bootm.o)
                              common/libcommon.a(cmd_autoscript.o) (header)
common/libcommon.a(cmd_console.o)
                              (__u_boot_cmd_coninfo)
common/libcommon.a(cmd_elf.o)
                              common/libcommon.a(cmd_bootm.o) (do_bootvx)
common/libcommon.a(cmd_flash.o)
                              (__u_boot_cmd_flinfo)
common/libcommon.a(cmd_itest.o)
                              (__u_boot_cmd_itest)
common/libcommon.a(cmd_mem.o)
                              common/libcommon.a(cmd_itest.o) (cmd_get_data_size)
common/libcommon.a(cmd_mii.o)
                              (__u_boot_cmd_mii)
common/libcommon.a(cmd_misc.o)
                              (__u_boot_cmd_sleep)
common/libcommon.a(cmd_net.o)
                              (__u_boot_cmd_bootp)
common/libcommon.a(cmd_nvedit.o)
                              common/libcommon.a(cmd_autoscript.o) (getenv)
common/libcommon.a(cmd_pci.o)
                              (__u_boot_cmd_pci)
common/libcommon.a(cmd_ethreg.o)
                              (__u_boot_cmd_ethreg)
common/libcommon.a(cmd_pll.o)
                              (__u_boot_cmd_pll)
common/libcommon.a(command.o)
                              (__u_boot_cmd_version)
common/libcommon.a(console.o)
                              common/libcommon.a(cmd_autoscript.o) (printf)
common/libcommon.a(devices.o)
                              common/libcommon.a(cmd_console.o) (devlist)
common/libcommon.a(dlmalloc.o)
                              common/libcommon.a(cmd_autoscript.o) (free)
common/libcommon.a(env_common.o)
                              common/libcommon.a(cmd_nvedit.o) (env_get_addr)
common/libcommon.a(env_flash.o)
                              common/libcommon.a(env_common.o) (env_get_char_spec)
common/libcommon.a(hush.o)    common/libcommon.a(cmd_autoscript.o) (parse_string_outer)
common/libcommon.a(lists.o)   common/libcommon.a(cmd_console.o) (ListGetPtrToItem)
common/libcommon.a(miiphyutil.o)
                              common/libcommon.a(cmd_mii.o) (miiphy_get_current_dev)
common/libcommon.a(cmd_custom.o)
                              (__u_boot_cmd_datachk)
common/libcommon.a(flash.o)   common/libcommon.a(cmd_mem.o) (addr2info)
common/libcommon.a(main.o)    common/libcommon.a(cmd_nvedit.o) (do_run)
board/atheros/board955x/libboard955x.a(serial.o)
                              common/libcommon.a(console.o) (serial_tstc)
board/atheros/board955x/libboard955x.a(ath_flash.o)
                              common/libcommon.a(cmd_flash.o) (flash_print_info)
board/atheros/board955x/libboard955x.a(955x.o)
                              cpu/mips/start.o (lowlevel_init)
board/atheros/board955x/libboard955x.a(init-955x.o)
                              board/atheros/board955x/libboard955x.a(serial.o) (ath_uart_freq)
cpu/mips/libmips.a(cpu.o)     common/libcommon.a(cmd_boot.o) (do_reset)
cpu/mips/libmips.a(interrupts.o)
                              common/libcommon.a(cmd_bootm.o) (enable_interrupts)
cpu/mips/libmips.a(cache.o)   cpu/mips/start.o (simple_mips_cache_reset)
lib_mips/libmips.a(board.o)   common/libcommon.a(dlmalloc.o) (sbrk)
lib_mips/libmips.a(time.o)    lib_mips/libmips.a(board.o) (timer_init)
lib_mips/libmips.a(mips_linux.o)
                              common/libcommon.a(cmd_bootm.o) (do_bootm_linux)
drivers/libdrivers.a(pci.o)   lib_mips/libmips.a(board.o) (pci_init)
net/libnet.a(net.o)           common/libcommon.a(cmd_net.o) (copy_filename)
net/libnet.a(tftp.o)          net/libnet.a(net.o) (TftpStart)
net/libnet.a(rarp.o)          net/libnet.a(net.o) (RarpRequest)
net/libnet.a(eth.o)           net/libnet.a(net.o) (eth_get_dev)
net/libnet.a(bootp.o)         net/libnet.a(net.o) (BootpRequest)
net/libnet.a(nfs.o)           net/libnet.a(net.o) (NfsStart)
rtc/librtc.a(date.o)          common/libcommon.a(cmd_bootm.o) (to_tm)
lib_generic/libgeneric.a(crc32.o)
                              common/libcommon.a(cmd_autoscript.o) (crc32)
lib_generic/libgeneric.a(ctype.o)
                              common/libcommon.a(hush.o) (_ctype)
lib_generic/libgeneric.a(display_options.o)
                              common/libcommon.a(cmd_bootm.o) (print_size)
lib_generic/libgeneric.a(string.o)
                              common/libcommon.a(hush.o) (strcat)
lib_generic/libgeneric.a(vsprintf.o)
                              common/libcommon.a(cmd_autoscript.o) (simple_strtoul)
lib_generic/libgeneric.a(zlib.o)
                              common/libcommon.a(cmd_bootm.o) (inflateEnd)
lib_generic/libgeneric.a(LzmaWrapper.o)
                              common/libcommon.a(cmd_bootm.o) (lzma_inflate)
lib_generic/libgeneric.a(md5.o)
[...]
Memory Configuration

Name             Origin             Length             Attributes
*default*        0x0000000000000000 0xffffffffffffffff

Linker script and memory map

                0x0000000000000000                . = 0x0
                0x0000000000000000                . = ALIGN (0x4)

.text           0x000000009f000000    0x25580
 *(.text)
 .text          0x000000009f000000      0x600 cpu/mips/start.o
                0x000000009f000000                _start
                0x000000009f00053c                relocate_code
 .text          0x000000009f000600      0x260 common/libcommon.a(cmd_autoscript.o)
                0x000000009f000600                autoscript
                0x000000009f0007e0                do_autoscript
 .text          0x000000009f000860      0x180 common/libcommon.a(cmd_bdinfo.o)
                0x000000009f000860                do_bdinfo
 .text          0x000000009f0009e0      0x120 common/libcommon.a(cmd_boot.o)
                0x000000009f0009e0                do_go
 .text          0x000000009f000b00     0x1450 common/libcommon.a(cmd_bootm.o)
                0x000000009f000b00                gunzip
                0x000000009f000d38                print_image_hdr
                0x000000009f001284                do_iminfo
                0x000000009f00136c                do_bootd
                0x000000009f0013bc                do_boot
                0x000000009f00170c                do_bootm
 .text          0x000000009f001f50      0x1a0 common/libcommon.a(cmd_console.o)
                0x000000009f001f50                do_coninfo
 .text          0x000000009f0020f0      0x5c0 common/libcommon.a(cmd_elf.o)
                0x000000009f0020f0                valid_elf_image
                0x000000009f00216c                load_elf_image
                0x000000009f0022f4                do_bootvx
                0x000000009f002590                do_bootelf
 .text          0x000000009f0026b0      0xe20 common/libcommon.a(cmd_flash.o)
                0x000000009f0026b0                get_addr_boundary
                0x000000009f002910                flash_sect_protect
                0x000000009f002d90                do_protect
                0x000000009f003144                flash_sect_erase
                0x000000009f003230                do_flerase
                0x000000009f003424                do_flinfo
 .text          0x000000009f0034d0      0x430 common/libcommon.a(cmd_itest.o)
                0x000000009f003554                binary_test
                0x000000009f003808                do_itest
 .text          0x000000009f003900     0x1920 common/libcommon.a(cmd_mem.o)
                0x000000009f003900                test_algorithm_t
                0x000000009f003cac                do_mem_base
                0x000000009f003d18                do_mem_mct
                0x000000009f00418c                do_mem_crc
                0x000000009f0042b8                do_mem_mtest
                0x000000009f0044b8                cmd_get_data_size
                0x000000009f004564                do_mem_loop
                0x000000009f0046d4                do_mem_cp
                0x000000009f004940                do_mem_cmp
                0x000000009f004b58                do_mem_mw
                0x000000009f004ed0                do_mem_nm
                0x000000009f004f18                do_mem_mm
                0x000000009f004f60                do_mem_md
 .text          0x000000009f005220      0xf00 common/libcommon.a(cmd_mii.o)
                0x000000009f0053b8                MII_dump_0_to_5
                0x000000009f005700                do_mac2
                0x000000009f005874                do_mac
                0x000000009f005aa0                do_mii
 .text          0x000000009f006120      0x100 common/libcommon.a(cmd_misc.o)
                0x000000009f006120                do_sleep
 .text          0x000000009f006220      0x520 common/libcommon.a(cmd_net.o)
                0x000000009f006220                do_ping
                0x000000009f00669c                do_nfs
                0x000000009f0066bc                do_dhcp
                0x000000009f0066dc                do_tftpb
                0x000000009f0066fc                do_rarpb
                0x000000009f00671c                do_bootp
 .text          0x000000009f006740      0xdf0 common/libcommon.a(cmd_nvedit.o)
                0x000000009f0067fc                getenv_r
                0x000000009f006938                do_saveenv
                0x000000009f00698c                getenv
                0x000000009f006a84                _do_setenv
                0x000000009f0071f4                do_setenv
                0x000000009f00725c                setenv
                0x000000009f0072b0                do_printenv
 .text          0x000000009f007530     0x19b0 common/libcommon.a(cmd_pci.o)
                0x000000009f0076dc                pci_header_show
                0x000000009f0084b8                pci_header_show_brief
                0x000000009f008580                pciinfo
                0x000000009f00899c                do_pci
 .text          0x000000009f008ee0      0x170 common/libcommon.a(cmd_ethreg.o)
                0x000000009f008ee0                do_ethreg
 .text          0x000000009f009050      0x210 common/libcommon.a(cmd_pll.o)
                0x000000009f009050                do_pll
 .text          0x000000009f009260      0xcb0 common/libcommon.a(command.o)
                0x000000009f009260                find_cmd
                0x000000009f009360                do_echo
                0x000000009f00945c                do_help
                0x000000009f0096d8                do_version
                0x000000009f009718                do_exit
                0x000000009f00976c                do_test
 .text          0x000000009f009f10      0x8c0 common/libcommon.a(console.o)
                0x000000009f009ff0                fgetc
                0x000000009f00a02c                ftstc
                0x000000009f00a068                fputc
                0x000000009f00a0a4                fputs
                0x000000009f00a0dc                disable_ctrlc
                0x000000009f00a0f8                had_ctrlc
                0x000000009f00a110                clear_ctrlc
                0x000000009f00a128                dbg
                0x000000009f00a138                console_init_f
                0x000000009f00a148                console_assign
                0x000000009f00a268                fprintf
                0x000000009f00a2dc                puts
                0x000000009f00a310                vprintf
                0x000000009f00a368                printf
                0x000000009f00a3d4                console_init_r
                0x000000009f00a640                serial_printf
                0x000000009f00a6ac                putc
                0x000000009f00a6e4                tstc
                0x000000009f00a714                getc
                0x000000009f00a744                ctrlc
 .text          0x000000009f00a7d0      0x190 common/libcommon.a(devices.o)
                0x000000009f00a7d0                devices_done
                0x000000009f00a80c                device_register
                0x000000009f00a850                devices_init
 .text          0x000000009f00a960     0x13a0 common/libcommon.a(dlmalloc.o)
                0x000000009f00a960                malloc_bin_reloc
                0x000000009f00a9a4                malloc_usable_size
                0x000000009f00a9fc                mallopt
                0x000000009f00aa90                malloc_trim
                0x000000009f00abb0                free
                0x000000009f00ae00                cfree
                0x000000009f00ae18                malloc
                0x000000009f00b4f0                memalign
                0x000000009f00b674                pvalloc
                0x000000009f00b698                valloc
                0x000000009f00b6b4                calloc
                0x000000009f00b7c0                realloc
 .text          0x000000009f00bd00      0x1d0 common/libcommon.a(env_common.o)
                0x000000009f00bd00                env_get_char_memory
                0x000000009f00bd34                env_get_addr
                0x000000009f00bd90                env_crc_update
                0x000000009f00bde0                env_relocate
 .text          0x000000009f00bed0      0x1c0 common/libcommon.a(env_flash.o)
                0x000000009f00bed0                env_get_char_spec
                0x000000009f00bee0                env_relocate_spec
                0x000000009f00bf04                saveenv
                0x000000009f00c010                env_init
 .text          0x000000009f00c090     0x2790 common/libcommon.a(hush.o)
                0x000000009f00c090                simple_itoa
                0x000000009f00c114                mapset
                0x000000009f00c148                u_boot_hush_start
                0x000000009f00c4d4                new_pipe
                0x000000009f00c888                reserved_word
                0x000000009f00d348                update_ifs_map
                0x000000009f00dbd0                parse_file_outer
                0x000000009f00dc34                parse_string_outer
 .text          0x000000009f00e820      0x570 common/libcommon.a(lists.o)
                0x000000009f00e820                GetHandleSize
                0x000000009f00e828                ListSetAllocationPolicy
                0x000000009f00e838                ListGetPtrToItem
                0x000000009f00e874                ListGetDataPtr
                0x000000009f00e880                ListGetItemSize
                0x000000009f00e88c                ListNumItems
                0x000000009f00e898                ListGetItems
                0x000000009f00e8f0                SetHandleSize
                0x000000009f00e9a4                ListInsertItems
                0x000000009f00ebd4                ListInsertItem
                0x000000009f00ebec                DisposeHandle
                0x000000009f00ec48                ListDispose
                0x000000009f00ec60                NewHandle
                0x000000009f00ed0c                ListCreate
 .text          0x000000009f00ed90      0x950 common/libcommon.a(miiphyutil.o)
                0x000000009f00ed90                miiphy_init
                0x000000009f00edb8                miiphy_get_current_dev
                0x000000009f00ede0                miiphy_listdev
                0x000000009f00eeac                miiphy_write
                0x000000009f00ef70                miiphy_read
                0x000000009f00f030                miiphy_link
                0x000000009f00f0d4                miiphy_duplex
                0x000000009f00f1b0                miiphy_speed
                0x000000009f00f28c                miiphy_reset
                0x000000009f00f3a0                miiphy_info
                0x000000009f00f48c                miiphy_set_current_dev
                0x000000009f00f52c                miiphy_register
 .text          0x000000009f00f6e0     0x1350 common/libcommon.a(cmd_custom.o)
                0x000000009f00f810                rsa_key_installed
                0x000000009f00f874                do_flashit
                0x000000009f010750                do_datachk
 .text          0x000000009f010a30      0x3e0 common/libcommon.a(flash.o)
                0x000000009f010a30                flash_protect
                0x000000009f010afc                addr2info
                0x000000009f010b4c                flash_perror
                0x000000009f010c80                flash_write
 .text          0x000000009f010e10      0xc50 common/libcommon.a(main.o)
                0x000000009f010e10                do_run
                0x000000009f010edc                run_command
                0x000000009f011598                readline
                0x000000009f011860                main_loop
 .text          0x000000009f011a60      0x2e0 board/atheros/board955x/libboard955x.a(serial.o)
                0x000000009f011a60                serial_tstc
                0x000000009f011a74                serial_putc
                0x000000009f011ae0                serial_setbrg
                0x000000009f011ae8                serial_puts
                0x000000009f011b3c                serial_getc
                0x000000009f011be8                serial_init
 .text          0x000000009f011d40      0x940 board/atheros/board955x/libboard955x.a(ath_flash.o)
                0x000000009f011dcc                flash_print_info
                0x000000009f011de8                my_flash_get_geom
                0x000000009f011fbc                write_buff
                0x000000009f012258                flash_erase
                0x000000009f0124c8                flash_init
 .text          0x000000009f012680      0x260 board/atheros/board955x/libboard955x.a(955x.o)
                0x000000009f012680                lowlevel_init
 .text          0x000000009f0128e0      0x820 board/atheros/board955x/libboard955x.a(init-955x.o)
                0x000000009f0128e0                ath_ddr_find_size
                0x000000009f012930                ath_ram_type
                0x000000009f012944                ath_uart_freq
                0x000000009f012970                ath_sys_frequency
                0x000000009f012aec                ath_ddr_initial_config
 .text          0x000000009f013100       0x80 cpu/mips/libmips.a(cpu.o)
                0x000000009f013100                do_reset
                0x000000009f01311c                write_one_tlb
                0x000000009f013154                flush_cache
 .text          0x000000009f013180       0x10 cpu/mips/libmips.a(interrupts.o)
                0x000000009f013180                enable_interrupts
                0x000000009f013188                disable_interrupts
 .text          0x000000009f013190      0x360 cpu/mips/libmips.a(cache.o)
                0x000000009f013190                simple_mips_cache_reset
                0x000000009f0131d8                mips_cache_reset
                0x000000009f013370                dcache_status
                0x000000009f013380                dcache_disable
                0x000000009f01339c                mips_cache_lock
                0x000000009f0133f8                dcache_flush_range
                0x000000009f013420                mips_cache_flush
                0x000000009f013474                mips_icache_flush_ix
                0x000000009f0134a4                mips_cache_lock_24k
 .text          0x000000009f0134f0      0x790 lib_mips/libmips.a(board.o)
                0x000000009f0134f0                sbrk
                0x000000009f013544                hang
                0x000000009f0136f0                reset_watchdog
                0x000000009f0137b4                init_hw_watchdog
                0x000000009f013814                board_init_r
                0x000000009f013b4c                board_init_f
 .text          0x000000009f013c80       0xb0 lib_mips/libmips.a(time.o)
                0x000000009f013c80                timer_init
                0x000000009f013c94                reset_timer
                0x000000009f013ca4                get_timer
                0x000000009f013cb0                set_timer
                0x000000009f013cbc                udelay
                0x000000009f013d18                get_ticks
                0x000000009f013d24                get_tbclk
 .text          0x000000009f013d30      0x7a0 lib_mips/libmips.a(mips_linux.o)
                0x000000009f013e58                do_bootm_linux
 .text          0x000000009f0144d0      0xf50 drivers/libdrivers.a(pci.o)
                0x000000009f0144d0                pci_hose_read_config_byte
                0x000000009f0144dc                pci_hose_read_config_word
                0x000000009f0144e8                pci_hose_read_config_dword
                0x000000009f0144f4                pci_hose_write_config_byte
                0x000000009f014500                pci_hose_write_config_word
                0x000000009f01450c                pci_hose_write_config_dword
                0x000000009f014518                pci_hose_read_config_byte_via_dword
                0x000000009f014588                pci_hose_read_config_word_via_dword
                0x000000009f0145fc                pci_hose_write_config_byte_via_dword
                0x000000009f0146c4                pci_hose_write_config_word_via_dword
                0x000000009f01478c                pci_register_hose
                0x000000009f0147c0                pci_hose_config_device
                0x000000009f014a08                pci_find_config
                0x000000009f014abc                pci_cfgfunc_config_device
                0x000000009f014b00                pci_cfgfunc_do_nothing
                0x000000009f014b08                pci_hose_scan_bus
                0x000000009f014ce0                pci_hose_scan
                0x000000009f014cf8                pci_init
                0x000000009f014d10                pci_hose_bus_to_phys
                0x000000009f014de8                pci_hose_phys_to_bus
                0x000000009f014eb0                pci_bus_to_hose
                0x000000009f014f28                pci_write_config_dword
                0x000000009f014fb4                pci_write_config_word
                0x000000009f015040                pci_write_config_byte
                0x000000009f0150cc                pci_read_config_dword
                0x000000009f01515c                pci_read_config_word
                0x000000009f0151f0                pci_read_config_byte
                0x000000009f015284                pci_find_devices
                0x000000009f0153f0                pci_find_device
 .text          0x000000009f015420     0x1a50 net/libnet.a(net.o)
                0x000000009f015444                NetSetHandler
                0x000000009f01545c                NetCksum
                0x000000009f015494                NetCksumOk
                0x000000009f0154d4                NetEthHdrSize
                0x000000009f01550c                copy_filename
                0x000000009f015554                string_to_VLAN
                0x000000009f0155b0                getenv_VLAN
                0x000000009f0155ec                string_to_ip
                0x000000009f0156a8                getenv_IPaddr
                0x000000009f0156e4                VLAN_to_string
                0x000000009f015740                ip_to_string
                0x000000009f015798                print_IPaddr
                0x000000009f0157e8                NetSetIP
                0x000000009f015918                NetSetEther
                0x000000009f015a28                NetSendPacket
                0x000000009f015a40                NetReceive
                0x000000009f015f84                NetSetTimeout
                0x000000009f016028                NetStartAgain
                0x000000009f016198                ArpRequest
                0x000000009f016344                PingSend
                0x000000009f016508                NetSendUDPPacket
                0x000000009f0166e8                ArpTimeoutCheck
                0x000000009f0167a0                NetLoop
 .text          0x000000009f016e70      0x880 net/libnet.a(tftp.o)
                0x000000009f01707c                TftpStart
 .text          0x000000009f0176f0      0x260 net/libnet.a(rarp.o)
                0x000000009f0176f0                RarpRequest
 .text          0x000000009f017950      0x8a0 net/libnet.a(eth.o)
                0x000000009f017950                eth_get_dev
                0x000000009f017968                eth_get_dev_by_name
                0x000000009f0179d0                eth_get_dev_index
                0x000000009f017a24                eth_halt
                0x000000009f017a7c                eth_send
                0x000000009f017ab0                eth_rx
                0x000000009f017adc                eth_get_name
                0x000000009f017b08                eth_set_current
                0x000000009f017bd8                eth_try_another
                0x000000009f017cc4                eth_init
                0x000000009f017d68                eth_register
                0x000000009f017e58                eth_set_enetaddr
                0x000000009f017f4c                eth_initialize
 .text          0x000000009f0181f0      0xcf0 net/libnet.a(bootp.o)
                0x000000009f0185f4                BootpRequest
                0x000000009f018890                DhcpRequest
 .text          0x000000009f018ee0     0x13c0 net/libnet.a(nfs.o)
                0x000000009f019988                NfsStart
 .text          0x000000009f01a2a0      0x2c0 rtc/librtc.a(date.o)
                0x000000009f01a2a0                GregorianDay
                0x000000009f01a3bc                to_tm
                0x000000009f01a4a8                mktime
 .text          0x000000009f01a560      0x260 lib_generic/libgeneric.a(crc32.o)
                0x000000009f01a560                crc32
 .text          0x000000009f01a7c0        0x0 lib_generic/libgeneric.a(ctype.o)
 .text          0x000000009f01a7c0      0x130 lib_generic/libgeneric.a(display_options.o)
                0x000000009f01a7c0                print_size
                0x000000009f01a8a4                display_options
 .text          0x000000009f01a8f0      0x620 lib_generic/libgeneric.a(string.o)
                0x000000009f01a8f0                strnicmp
                0x000000009f01a978                strcat
                0x000000009f01a9a4                strncat
                0x000000009f01a9f8                strchr
                0x000000009f01aa28                strlen
                0x000000009f01aa40                strrchr
                0x000000009f01aab4                strnlen
                0x000000009f01aadc                strspn
                0x000000009f01ab18                strpbrk
                0x000000009f01ab50                strtok
                0x000000009f01ac0c                strsep
                0x000000009f01ac70                strswab
                0x000000009f01acc0                memset
                0x000000009f01ace4                memcpy
                0x000000009f01ad10                memmove
                0x000000009f01ad74                memcmp
                0x000000009f01adac                strstr
                0x000000009f01ae68                memchr
                0x000000009f01ae94                strdup
 .text          0x000000009f01af10      0x8f0 lib_generic/libgeneric.a(vsprintf.o)
                0x000000009f01af10                simple_strtoul
                0x000000009f01afe0                simple_strtol
                0x000000009f01b274                panic
                0x000000009f01b2fc                vsprintf
                0x000000009f01b7bc                sprintf
 .text          0x000000009f01b800     0x2f70 lib_generic/libgeneric.a(zlib.o)
                0x000000009f01c1f8                inflateEnd
                0x000000009f01c2c0                inflateReset
                0x000000009f01c334                inflateSync
                0x000000009f01c464                inflateInit2
                0x000000009f01c604                inflateInit
                0x000000009f01c61c                adler32
                0x000000009f01c77c                inflateIncomp
                0x000000009f01cac8                inflate
 .text          0x000000009f01e770      0x2f0 lib_generic/libgeneric.a(LzmaWrapper.o)
                0x000000009f01e770                lzma_inflate
 .text          0x000000009f01ea60      0xfa0 lib_generic/libgeneric.a(md5.o)
                0x000000009f01f8a0                md5_wd
                0x000000009f01f94c                md5
 .text          0x000000009f01fa00      0x5b0 lib_generic/libgeneric.a(sha256.o)
                0x000000009f01fa00                Sha256_Init
                0x000000009f01fd98                Sha256_Update
                0x000000009f01fe58                Sha256_Final
 .text          0x000000009f01ffb0      0x6b0 lib_generic/libgeneric.a(rsaverify.o)
                0x000000009f01ffb0                get_usign_block_len
                0x000000009f02003c                validate_usign_block_keys
                0x000000009f0200bc                validate_usign_block_signatures
                0x000000009f020320                find_valid_signature
                0x000000009f0205c4                generate_hashes
 .text          0x000000009f020660      0xd80 lib_generic/libgeneric.a(LzmaDecode.o)
                0x000000009f020660                LzmaDecodeProperties
                0x000000009f02072c                LzmaDecode
 .text          0x000000009f0213e0      0x7e0 lib_generic/libgeneric.a(rsa-mod-exp.o)
                0x000000009f02193c                rsa_mod_exp_sw
 .text          0x000000009f021bc0        0x0 lib_generic/libgeneric.a(rsa-checksum.o)
 .text          0x000000009f021bc0       0xc0 common/libcommon.a(exports.o)
                0x000000009f021bc8                get_version
                0x000000009f021bd0                jumptable_init
 .text          0x000000009f021c80      0x4b0 board/atheros/board955x/libboard955x.a(board955x.o)
                0x000000009f021c80                ath_gpio_config
                0x000000009f021ce8                checkboard
                0x000000009f021d34                ath_usb2_initial_config
                0x000000009f021eac                ath_usb1_initial_config
                0x000000009f02200c                ath_mem_config
                0x000000009f022118                initdram
 .text          0x000000009f022130      0x600 board/atheros/board955x/libboard955x.a(ath_pci.o)
                0x000000009f022188                plat_dev_init
                0x000000009f022190                pci_rc2_init_board
                0x000000009f022394                pci_init_board
 .text          0x000000009f022730     0x2070 board/atheros/board955x/libboard955x.a(qca-eth-955x.o)
                0x000000009f0227d0                ath_gmac_mac_addr_loc
                0x000000009f0227d8                athr_mgmt_init
                0x000000009f0227e0                ath_gmac_miiphy_write
                0x000000009f022a10                ath_gmac_miiphy_read
                0x000000009f022cdc                athrs_sgmii_res_cal
                0x000000009f022f48                ath_gmac_mii_setup
                0x000000009f023158                ath_gmac_enet_initialize
 .text          0x000000009f0247a0       0x90 board/atheros/board955x/libboard955x.a(extra.o)
                0x000000009f0247a0                ath_set_tuning_caps
 .text          0x000000009f024830      0x860 board/atheros/board955x/libboard955x.a(athr_ar8035_phy.o)
                0x000000009f024830                athr_ar8035_mgmt_init
                0x000000009f024838                athr_ar8035_reg_init
                0x000000009f024870                athr_ar8035_phy_is_up
                0x000000009f0249ec                athr_ar8035_phy_is_link_alive
                0x000000009f024acc                athr_ar8035_phy_is_fdx
                0x000000009f024bb0                athr_ar8035_phy_speed
                0x000000009f024d38                athr_ar8035_phy_setup
 .text          0x000000009f025090      0x220 board/atheros/board955x/libboard955x.a(athr_ar8033_phy.o)
                0x000000009f025090                athrs_ar8033_mgmt_init
                0x000000009f025130                athrs_ar8033_phy_setup
                0x000000009f025138                athrs_ar8033_phy_is_fdx
                0x000000009f02514c                athrs_ar8033_phy_is_link_alive
                0x000000009f025160                athrs_ar8033_phy_is_up
                0x000000009f025174                athrs_ar8033_phy_speed
                0x000000009f0251b0                athrs_ar8033_reg_init
 .text          0x000000009f0252b0      0x280 board/atheros/board955x/libboard955x.a(tap-955x.o)
                0x000000009f0252b0                ath_ddr_tap_cal
 .text          0x000000009f025530       0x50 /opt/buildroot-mips-2013.05/usr/lib/gcc/mips-elx-linux-uclibc/4.3.6/libgcc.a(_ashldi3.o)
                0x000000009f025530                __ashldi3
                0x000000009f025580                . = ALIGN (0x4)

.rodata         0x000000009f025580      0xcd0
 *(.rodata)
 .rodata        0x000000009f025580       0xb0 common/libcommon.a(cmd_bootm.o)
 .rodata        0x000000009f025630       0x30 common/libcommon.a(cmd_itest.o)
 .rodata        0x000000009f025660       0x20 common/libcommon.a(hush.o)
 .rodata        0x000000009f025680       0x30 common/libcommon.a(cmd_custom.o)
 .rodata        0x000000009f0256b0       0x30 board/atheros/board955x/libboard955x.a(init-955x.o)
 .rodata        0x000000009f0256e0       0x40 lib_mips/libmips.a(board.o)
                0x000000009f0256e0                version_string
                0x000000009f025708                edi_ver
 .rodata        0x000000009f025720       0x30 net/libnet.a(net.o)
 .rodata        0x000000009f025750       0x20 net/libnet.a(tftp.o)
 .rodata        0x000000009f025770       0x40 net/libnet.a(nfs.o)
 .rodata        0x000000009f0257b0       0x30 rtc/librtc.a(date.o)
 .rodata        0x000000009f0257e0      0x400 lib_generic/libgeneric.a(crc32.o)
 .rodata        0x000000009f025be0      0x110 lib_generic/libgeneric.a(zlib.o)
 .rodata        0x000000009f025cf0      0x100 lib_generic/libgeneric.a(sha256.o)
 .rodata        0x000000009f025df0      0x3b0 lib_generic/libgeneric.a(rsa-checksum.o)
                0x000000009f025df0                padding_sha256_rsa2048
                0x000000009f025ed0                padding_sha1_rsa2048
                0x000000009f025fbc                padding_sha256_rsa4096
 .rodata        0x000000009f0261a0       0x90 board/atheros/board955x/libboard955x.a(qca-eth-955x.o)
 .rodata        0x000000009f026230       0x20 board/atheros/board955x/libboard955x.a(athr_ar8033_phy.o)

.reginfo        0x000000009f026250       0x18
 .reginfo       0x000000009f026250       0x18 cpu/mips/start.o

.rodata.str1.4  0x000000009f026268     0x5f80
 .rodata.str1.4
                0x000000009f026268       0xf7 common/libcommon.a(cmd_autoscript.o)
                                         0xf8 (size before relaxing)
 *fill*         0x000000009f02635f        0x1 00
 .rodata.str1.4
                0x000000009f026360       0xc2 common/libcommon.a(cmd_bdinfo.o)
                                         0xc4 (size before relaxing)
 *fill*         0x000000009f026422        0x2 00
 .rodata.str1.4
                0x000000009f026424      0x138 common/libcommon.a(cmd_boot.o)
 .rodata.str1.4
                0x000000009f02655c      0x8ae common/libcommon.a(cmd_bootm.o)
                                        0x8c8 (size before relaxing)
 *fill*         0x000000009f026e0a        0x2 00
 .rodata.str1.4
                0x000000009f026e0c       0x6d common/libcommon.a(cmd_console.o)
                                         0x74 (size before relaxing)
 *fill*         0x000000009f026e79        0x3 00
 .rodata.str1.4
                0x000000009f026e7c      0x2d5 common/libcommon.a(cmd_elf.o)
                                        0x2f0 (size before relaxing)
 *fill*         0x000000009f027151        0x3 00
 .rodata.str1.4
                0x000000009f027154      0x74e common/libcommon.a(cmd_flash.o)
                                        0x778 (size before relaxing)
 *fill*         0x000000009f0278a2        0x2 00
 .rodata.str1.4
                0x000000009f0278a4       0xcb common/libcommon.a(cmd_itest.o)
                                         0xdc (size before relaxing)
 *fill*         0x000000009f02796f        0x1 00
 .rodata.str1.4
                0x000000009f027970      0x7a1 common/libcommon.a(cmd_mem.o)
                                        0x80c (size before relaxing)
 *fill*         0x000000009f028111        0x3 00
 .rodata.str1.4
                0x000000009f028114      0xb05 common/libcommon.a(cmd_mii.o)
                                        0xb40 (size before relaxing)
 *fill*         0x000000009f028c19        0x3 00
 .rodata.str1.4
                0x000000009f028c1c       0x70 common/libcommon.a(cmd_misc.o)
                                         0x7c (size before relaxing)
 .rodata.str1.4
                0x000000009f028c8c      0x291 common/libcommon.a(cmd_net.o)
                                        0x2bc (size before relaxing)
 *fill*         0x000000009f028f1d        0x3 00
 .rodata.str1.4
                0x000000009f028f20      0x37b common/libcommon.a(cmd_nvedit.o)
                                        0x3a4 (size before relaxing)
 *fill*         0x000000009f02929b        0x1 00
 .rodata.str1.4
                0x000000009f02929c      0xde0 common/libcommon.a(cmd_pci.o)
                                        0xe18 (size before relaxing)
 .rodata.str1.4
                0x000000009f02a07c      0x115 common/libcommon.a(cmd_ethreg.o)
                                        0x118 (size before relaxing)
 *fill*         0x000000009f02a191        0x3 00
 .rodata.str1.4
                0x000000009f02a194       0xb1 common/libcommon.a(cmd_pll.o)
                                         0xbc (size before relaxing)
 *fill*         0x000000009f02a245        0x3 00
 .rodata.str1.4
                0x000000009f02a248      0x324 common/libcommon.a(command.o)
                                        0x34c (size before relaxing)
 .rodata.str1.4
                0x000000009f02a56c       0x75 common/libcommon.a(console.o)
                                         0x7c (size before relaxing)
 *fill*         0x000000009f02a5e1        0x3 00
 .rodata.str1.4
                0x000000009f02a5e4       0x2f common/libcommon.a(devices.o)
                                         0x48 (size before relaxing)
 *fill*         0x000000009f02a613        0x1 00
 .rodata.str1.4
                0x000000009f02a614       0x33 common/libcommon.a(env_common.o)
                                         0x34 (size before relaxing)
 *fill*         0x000000009f02a647        0x1 00
 .rodata.str1.4
                0x000000009f02a648       0x32 common/libcommon.a(env_flash.o)
                                         0x3c (size before relaxing)
 *fill*         0x000000009f02a67a        0x2 00
 .rodata.str1.4
                0x000000009f02a67c      0x1d1 common/libcommon.a(hush.o)
                                        0x1f0 (size before relaxing)
 *fill*         0x000000009f02a84d        0x3 00
 .rodata.str1.4
                0x000000009f02a850      0x1b2 common/libcommon.a(miiphyutil.o)
                                        0x1b8 (size before relaxing)
 *fill*         0x000000009f02aa02        0x2 00
 .rodata.str1.4
                0x000000009f02aa04      0x359 common/libcommon.a(cmd_custom.o)
                                        0x3c8 (size before relaxing)
 *fill*         0x000000009f02ad5d        0x3 00
 .rodata.str1.4
                0x000000009f02ad60      0x120 common/libcommon.a(flash.o)
 .rodata.str1.4
                0x000000009f02ae80       0xca common/libcommon.a(main.o)
                                        0x140 (size before relaxing)
 *fill*         0x000000009f02af4a        0x2 00
 .rodata.str1.4
                0x000000009f02af4c      0x206 board/atheros/board955x/libboard955x.a(ath_flash.o)
                                        0x20c (size before relaxing)
 *fill*         0x000000009f02b152        0x2 00
 .rodata.str1.4
                0x000000009f02b154       0x84 board/atheros/board955x/libboard955x.a(init-955x.o)
 .rodata.str1.4
                0x000000009f02b1d8       0x78 lib_mips/libmips.a(board.o)
                                         0xb0 (size before relaxing)
 .rodata.str1.4
                0x000000009f02b250       0xbb lib_mips/libmips.a(mips_linux.o)
                                        0x130 (size before relaxing)
 *fill*         0x000000009f02b30b        0x1 00
 .rodata.str1.4
                0x000000009f02b30c       0x7e drivers/libdrivers.a(pci.o)
                                         0x80 (size before relaxing)
 *fill*         0x000000009f02b38a        0x2 00
 .rodata.str1.4
                0x000000009f02b38c      0x210 net/libnet.a(net.o)
                                        0x25c (size before relaxing)
 .rodata.str1.4
                0x000000009f02b59c      0x1c9 net/libnet.a(tftp.o)
                                        0x1e8 (size before relaxing)
 *fill*         0x000000009f02b765        0x3 00
 .rodata.str1.4
                0x000000009f02b768       0x24 net/libnet.a(rarp.o)
                                         0x4c (size before relaxing)
 .rodata.str1.4
                0x000000009f02b78c       0x42 net/libnet.a(eth.o)
                                         0x58 (size before relaxing)
 *fill*         0x000000009f02b7ce        0x2 00
 .rodata.str1.4
                0x000000009f02b7d0      0x105 net/libnet.a(bootp.o)
                                        0x14c (size before relaxing)
 *fill*         0x000000009f02b8d5        0x3 00
 .rodata.str1.4
                0x000000009f02b8d8      0x101 net/libnet.a(nfs.o)
                                        0x1a0 (size before relaxing)
 *fill*         0x000000009f02b9d9        0x3 00
 .rodata.str1.4
                0x000000009f02b9dc       0x1f lib_generic/libgeneric.a(display_options.o)
                                         0x20 (size before relaxing)
 *fill*         0x000000009f02b9fb        0x1 00
 .rodata.str1.4
                0x000000009f02b9fc       0x57 lib_generic/libgeneric.a(vsprintf.o)
                                         0x58 (size before relaxing)
 *fill*         0x000000009f02ba53        0x1 00
 .rodata.str1.4
                0x000000009f02ba54      0x20d lib_generic/libgeneric.a(zlib.o)
                                        0x214 (size before relaxing)
 *fill*         0x000000009f02bc61        0x3 00
 .rodata.str1.4
                0x000000009f02bc64       0x9c lib_generic/libgeneric.a(LzmaWrapper.o)
                                         0xa0 (size before relaxing)
 .rodata.str1.4
                0x000000009f02bd00       0x2f lib_generic/libgeneric.a(LzmaDecode.o)
                                         0x30 (size before relaxing)
 *fill*         0x000000009f02bd2f        0x1 00
 .rodata.str1.4
                0x000000009f02bd30       0x6b board/atheros/board955x/libboard955x.a(board955x.o)
                                         0x6c (size before relaxing)
 *fill*         0x000000009f02bd9b        0x1 00
 .rodata.str1.4
                0x000000009f02bd9c       0x66 board/atheros/board955x/libboard955x.a(ath_pci.o)
                                         0x68 (size before relaxing)
 *fill*         0x000000009f02be02        0x2 00
 .rodata.str1.4
                0x000000009f02be04      0x2d5 board/atheros/board955x/libboard955x.a(qca-eth-955x.o)
                                        0x2e0 (size before relaxing)
 *fill*         0x000000009f02c0d9        0x3 00
 .rodata.str1.4
                0x000000009f02c0dc       0x1c board/atheros/board955x/libboard955x.a(extra.o)
 .rodata.str1.4
                0x000000009f02c0f8       0xce board/atheros/board955x/libboard955x.a(athr_ar8035_phy.o)
                                         0xe0 (size before relaxing)
 *fill*         0x000000009f02c1c6        0x2 00
 .rodata.str1.4
                0x000000009f02c1c8       0x20 board/atheros/board955x/libboard955x.a(athr_ar8033_phy.o)
                                         0x28 (size before relaxing)

.rel.dyn        0x000000009f02c1e8        0x0
 .rel.dyn       0x0000000000000000        0x0 cpu/mips/start.o
                0x000000009f02c1e8                . = ALIGN (0x4)

.data           0x000000009f02c1f0      0x980
 *(.data)
 .data          0x000000009f02c1f0        0x0 cpu/mips/start.o
 .data          0x000000009f02c1f0        0x0 common/libcommon.a(cmd_autoscript.o)
 .data          0x000000009f02c1f0        0x0 common/libcommon.a(cmd_bdinfo.o)
 .data          0x000000009f02c1f0        0x0 common/libcommon.a(cmd_boot.o)
 .data          0x000000009f02c1f0       0x10 common/libcommon.a(cmd_bootm.o)
                0x000000009f02c1f0                load_addr
 .data          0x000000009f02c200        0x0 common/libcommon.a(cmd_console.o)
 .data          0x000000009f02c200        0x0 common/libcommon.a(cmd_elf.o)
 .data          0x000000009f02c200        0x0 common/libcommon.a(cmd_flash.o)
 .data          0x000000009f02c200        0x0 common/libcommon.a(cmd_itest.o)
 .data          0x000000009f02c200       0x10 common/libcommon.a(cmd_mem.o)
                0x000000009f02c200                dp_last_length
 .data          0x000000009f02c210        0x0 common/libcommon.a(cmd_mii.o)
 .data          0x000000009f02c210        0x0 common/libcommon.a(cmd_misc.o)
 .data          0x000000009f02c210        0x0 common/libcommon.a(cmd_net.o)
 .data          0x000000009f02c210        0x0 common/libcommon.a(cmd_nvedit.o)
 .data          0x000000009f02c210       0x10 common/libcommon.a(cmd_pci.o)
                0x000000009f02c210                ShortPCIListing
 .data          0x000000009f02c220        0x0 common/libcommon.a(cmd_ethreg.o)
 .data          0x000000009f02c220        0x0 common/libcommon.a(cmd_pll.o)
 .data          0x000000009f02c220        0x0 common/libcommon.a(command.o)
 .data          0x000000009f02c220        0x0 common/libcommon.a(console.o)
 .data          0x000000009f02c220        0x0 common/libcommon.a(devices.o)
 .data          0x000000009f02c220       0x10 common/libcommon.a(dlmalloc.o)
 .data          0x000000009f02c230      0x5c0 common/libcommon.a(env_common.o)
                0x000000009f02c230                default_environment
                0x000000009f02c7e8                default_environment_size
 .data          0x000000009f02c7f0       0x10 common/libcommon.a(env_flash.o)
                0x000000009f02c7f0                env_ptr
 .data          0x000000009f02c800        0x0 common/libcommon.a(hush.o)
 .data          0x000000009f02c800        0x0 common/libcommon.a(lists.o)
 .data          0x000000009f02c800        0x0 common/libcommon.a(miiphyutil.o)
 .data          0x000000009f02c800        0x0 common/libcommon.a(cmd_custom.o)
 .data          0x000000009f02c800        0x0 common/libcommon.a(flash.o)
 .data          0x000000009f02c800       0x10 common/libcommon.a(main.o)
 .data          0x000000009f02c810        0x0 board/atheros/board955x/libboard955x.a(serial.o)
 .data          0x000000009f02c810        0x0 board/atheros/board955x/libboard955x.a(ath_flash.o)
 .data          0x000000009f02c810        0x0 board/atheros/board955x/libboard955x.a(955x.o)
 .data          0x000000009f02c810        0x0 board/atheros/board955x/libboard955x.a(init-955x.o)
 .data          0x000000009f02c810        0x0 cpu/mips/libmips.a(cpu.o)
 .data          0x000000009f02c810        0x0 cpu/mips/libmips.a(interrupts.o)
 .data          0x000000009f02c810        0x0 cpu/mips/libmips.a(cache.o)
 .data          0x000000009f02c810        0x0 lib_mips/libmips.a(board.o)
 .data          0x000000009f02c810        0x0 lib_mips/libmips.a(time.o)
 .data          0x000000009f02c810        0x0 lib_mips/libmips.a(mips_linux.o)
 .data          0x000000009f02c810        0x0 drivers/libdrivers.a(pci.o)
 .data          0x000000009f02c810       0x10 net/libnet.a(net.o)
                0x000000009f02c810                NetBcastAddr
                0x000000009f02c816                NetOurVLAN
                0x000000009f02c818                NetOurNativeVLAN
 .data          0x000000009f02c820        0x0 net/libnet.a(tftp.o)
 .data          0x000000009f02c820        0x0 net/libnet.a(rarp.o)
 .data          0x000000009f02c820        0x0 net/libnet.a(eth.o)
 .data          0x000000009f02c820        0x0 net/libnet.a(bootp.o)
 .data          0x000000009f02c820       0x10 net/libnet.a(nfs.o)
 .data          0x000000009f02c830       0x30 rtc/librtc.a(date.o)
 .data          0x000000009f02c860        0x0 lib_generic/libgeneric.a(crc32.o)
 .data          0x000000009f02c860      0x100 lib_generic/libgeneric.a(ctype.o)
                0x000000009f02c860                _ctype
 .data          0x000000009f02c960        0x0 lib_generic/libgeneric.a(display_options.o)
 .data          0x000000009f02c960        0x0 lib_generic/libgeneric.a(string.o)
 .data          0x000000009f02c960        0x0 lib_generic/libgeneric.a(vsprintf.o)
 .data          0x000000009f02c960      0x1f0 lib_generic/libgeneric.a(zlib.o)
 .data          0x000000009f02cb50        0x0 lib_generic/libgeneric.a(LzmaWrapper.o)
 .data          0x000000009f02cb50        0x0 lib_generic/libgeneric.a(md5.o)
 .data          0x000000009f02cb50        0x0 lib_generic/libgeneric.a(sha256.o)
 .data          0x000000009f02cb50        0x0 lib_generic/libgeneric.a(rsaverify.o)
 .data          0x000000009f02cb50        0x0 lib_generic/libgeneric.a(LzmaDecode.o)
 .data          0x000000009f02cb50        0x0 lib_generic/libgeneric.a(rsa-mod-exp.o)
 .data          0x000000009f02cb50        0x0 lib_generic/libgeneric.a(rsa-checksum.o)
 .data          0x000000009f02cb50        0x0 common/libcommon.a(exports.o)
 .data          0x000000009f02cb50        0x0 board/atheros/board955x/libboard955x.a(board955x.o)
 .data          0x000000009f02cb50        0x0 board/atheros/board955x/libboard955x.a(ath_pci.o)
 .data          0x000000009f02cb50        0x0 board/atheros/board955x/libboard955x.a(qca-eth-955x.o)
 .data          0x000000009f02cb50        0x0 board/atheros/board955x/libboard955x.a(extra.o)
 .data          0x000000009f02cb50       0x20 board/atheros/board955x/libboard955x.a(athr_ar8035_phy.o)
 .data          0x000000009f02cb70        0x0 board/atheros/board955x/libboard955x.a(athr_ar8033_phy.o)
 .data          0x000000009f02cb70        0x0 board/atheros/board955x/libboard955x.a(tap-955x.o)
 .data          0x000000009f02cb70        0x0 /opt/buildroot-mips-2013.05/usr/lib/gcc/mips-elx-linux-uclibc/4.3.6/libgcc.a(_ashldi3.o)

.got.plt        0x000000009f02cb70        0x0
 .got.plt       0x0000000000000000        0x0 cpu/mips/start.o

.data.rel.ro.local
                0x000000009f02cb70       0x1c
 .data.rel.ro.local
                0x000000009f02cb70        0x8 common/libcommon.a(cmd_bootm.o)
 .data.rel.ro.local
                0x000000009f02cb78        0xc common/libcommon.a(cmd_custom.o)
 .data.rel.ro.local
                0x000000009f02cb84        0x4 lib_mips/libmips.a(board.o)
 .data.rel.ro.local
                0x000000009f02cb88        0x4 lib_generic/libgeneric.a(LzmaWrapper.o)

.data.rel.local
                0x000000009f02cb8c      0xa54
 .data.rel.local
                0x000000009f02cb8c       0x68 common/libcommon.a(cmd_itest.o)
                0x000000009f02cb8c                op_table
 .data.rel.local
                0x000000009f02cbf4      0x2b8 common/libcommon.a(cmd_mii.o)
                0x000000009f02cbf4                reg_0_5_desc_tbl
                0x000000009f02cc24                reg_0_desc_tbl
                0x000000009f02cc9c                reg_1_desc_tbl
                0x000000009f02cd5c                reg_2_desc_tbl
                0x000000009f02cd68                reg_3_desc_tbl
                0x000000009f02cd8c                reg_4_desc_tbl
                0x000000009f02ce1c                reg_5_desc_tbl
 .data.rel.local
                0x000000009f02ceac        0xc common/libcommon.a(devices.o)
                0x000000009f02ceac                stdio_names
 .data.rel.local
                0x000000009f02ceb8      0x408 common/libcommon.a(dlmalloc.o)
 .data.rel.local
                0x000000009f02d2c0        0x4 common/libcommon.a(env_common.o)
                0x000000009f02d2c0                env_get_char
 .data.rel.local
                0x000000009f02d2c4        0x4 common/libcommon.a(env_flash.o)
                0x000000009f02d2c4                env_name_spec
 .data.rel.local
                0x000000009f02d2c8       0x84 common/libcommon.a(hush.o)
 .data.rel.local
                0x000000009f02d34c      0x270 board/atheros/board955x/libboard955x.a(ath_flash.o)
 .data.rel.local
                0x000000009f02d5bc       0x24 lib_generic/libgeneric.a(zlib.o)
                0x000000009f02d5bc                zlib_version
                0x000000009f02d5c0                z_errmsg

.data.rel       0x000000009f02d5e0       0x54
 .data.rel      0x000000009f02d5e0       0x30 common/libcommon.a(cmd_mii.o)
                0x000000009f02d5e0                desc_and_len_tbl
 .data.rel      0x000000009f02d610       0x24 lib_mips/libmips.a(board.o)
                0x000000009f02d610                init_sequence
                0x000000009f02d634                . = ALIGN (0x4)

.sdata
 *(.sdata)
 *(.sdata)
                0x000000009f02d640                . = ALIGN (0x10)
                0x000000009f02d640                _gp = .
                0x000000009f02d640                __got_start = .

.got            0x000000009f02d640      0x560
 *(.got)
 .got           0x000000009f02d640      0x560 cpu/mips/start.o
                0x000000009f02d640                _GLOBAL_OFFSET_TABLE_
                0x000000009f02dba0                __got_end = .
                0x000000009f02dba0                __u_boot_cmd_start = .

.u_boot_cmd     0x000000009f02dba0      0x4c8
 *(.u_boot_cmd)
 .u_boot_cmd    0x000000009f02dba0       0x18 common/libcommon.a(cmd_autoscript.o)
                0x000000009f02dba0                __u_boot_cmd_autoscr
 .u_boot_cmd    0x000000009f02dbb8       0x18 common/libcommon.a(cmd_bdinfo.o)
                0x000000009f02dbb8                __u_boot_cmd_bdinfo
 .u_boot_cmd    0x000000009f02dbd0       0x30 common/libcommon.a(cmd_boot.o)
                0x000000009f02dbd0                __u_boot_cmd_go
                0x000000009f02dbe8                __u_boot_cmd_reset
 .u_boot_cmd    0x000000009f02dc00       0x60 common/libcommon.a(cmd_bootm.o)
                0x000000009f02dc00                __u_boot_cmd_bootm
                0x000000009f02dc18                __u_boot_cmd_bootd
                0x000000009f02dc30                __u_boot_cmd_boot
                0x000000009f02dc48                __u_boot_cmd_iminfo
 .u_boot_cmd    0x000000009f02dc60       0x18 common/libcommon.a(cmd_console.o)
                0x000000009f02dc60                __u_boot_cmd_coninfo
 .u_boot_cmd    0x000000009f02dc78       0x30 common/libcommon.a(cmd_elf.o)
                0x000000009f02dc78                __u_boot_cmd_bootelf
                0x000000009f02dc90                __u_boot_cmd_bootvx
 .u_boot_cmd    0x000000009f02dca8       0x48 common/libcommon.a(cmd_flash.o)
                0x000000009f02dca8                __u_boot_cmd_flinfo
                0x000000009f02dcc0                __u_boot_cmd_protect
                0x000000009f02dcd8                __u_boot_cmd_erase
 .u_boot_cmd    0x000000009f02dcf0       0x18 common/libcommon.a(cmd_itest.o)
                0x000000009f02dcf0                __u_boot_cmd_itest
 .u_boot_cmd    0x000000009f02dd08      0x108 common/libcommon.a(cmd_mem.o)
                0x000000009f02dd08                __u_boot_cmd_cmp
                0x000000009f02dd20                __u_boot_cmd_crc32
                0x000000009f02dd38                __u_boot_cmd_base
                0x000000009f02dd50                __u_boot_cmd_loop
                0x000000009f02dd68                __u_boot_cmd_md
                0x000000009f02dd80                __u_boot_cmd_mm
                0x000000009f02dd98                __u_boot_cmd_nm
                0x000000009f02ddb0                __u_boot_cmd_mw
                0x000000009f02ddc8                __u_boot_cmd_mtest
                0x000000009f02dde0                __u_boot_cmd_cp
                0x000000009f02ddf8                __u_boot_cmd_mct
 .u_boot_cmd    0x000000009f02de10       0x48 common/libcommon.a(cmd_mii.o)
                0x000000009f02de10                __u_boot_cmd_mii
                0x000000009f02de28                __u_boot_cmd_progmac
                0x000000009f02de40                __u_boot_cmd_progmac2
 .u_boot_cmd    0x000000009f02de58       0x18 common/libcommon.a(cmd_misc.o)
                0x000000009f02de58                __u_boot_cmd_sleep
 .u_boot_cmd    0x000000009f02de70       0x90 common/libcommon.a(cmd_net.o)
                0x000000009f02de70                __u_boot_cmd_bootp
                0x000000009f02de88                __u_boot_cmd_rarpboot
                0x000000009f02dea0                __u_boot_cmd_tftpboot
                0x000000009f02deb8                __u_boot_cmd_dhcp
                0x000000009f02ded0                __u_boot_cmd_nfs
                0x000000009f02dee8                __u_boot_cmd_ping
 .u_boot_cmd    0x000000009f02df00       0x60 common/libcommon.a(cmd_nvedit.o)
                0x000000009f02df00                __u_boot_cmd_printenv
                0x000000009f02df18                __u_boot_cmd_setenv
                0x000000009f02df30                __u_boot_cmd_saveenv
                0x000000009f02df48                __u_boot_cmd_run
 .u_boot_cmd    0x000000009f02df60       0x18 common/libcommon.a(cmd_pci.o)
                0x000000009f02df60                __u_boot_cmd_pci
 .u_boot_cmd    0x000000009f02df78       0x18 common/libcommon.a(cmd_ethreg.o)
                0x000000009f02df78                __u_boot_cmd_ethreg
 .u_boot_cmd    0x000000009f02df90       0x18 common/libcommon.a(cmd_pll.o)
                0x000000009f02df90                __u_boot_cmd_pll
 .u_boot_cmd    0x000000009f02dfa8       0x90 common/libcommon.a(command.o)
                0x000000009f02dfa8                __u_boot_cmd_version
                0x000000009f02dfc0                __u_boot_cmd_echo
                0x000000009f02dfd8                __u_boot_cmd_test
                0x000000009f02dff0                __u_boot_cmd_exit
                0x000000009f02e008                __u_boot_cmd_help
                0x000000009f02e020                __u_boot_cmd_question_mark
 .u_boot_cmd    0x000000009f02e038       0x30 common/libcommon.a(cmd_custom.o)
                0x000000009f02e038                __u_boot_cmd_datachk
                0x000000009f02e050                __u_boot_cmd_flashit
                0x000000009f02e068                __u_boot_cmd_end = .
                0x000000009f02e068                uboot_end_data = .
                0x0000000000000158                num_got_entries = ((__got_end - __got_start) >> 0x2)
                0x000000009f02e068                . = ALIGN (0x4)

.sbss
 *(.sbss)

.bss            0x000000009f02e070     0x946c
 *(.bss)
 .bss           0x000000009f02e070        0x0 cpu/mips/start.o
 .bss           0x000000009f02e070        0x0 common/libcommon.a(cmd_autoscript.o)
 .bss           0x000000009f02e070        0x0 common/libcommon.a(cmd_bdinfo.o)
 .bss           0x000000009f02e070        0x0 common/libcommon.a(cmd_boot.o)
 .bss           0x000000009f02e070        0x0 common/libcommon.a(cmd_bootm.o)
 .bss           0x000000009f02e070        0x0 common/libcommon.a(cmd_console.o)
 .bss           0x000000009f02e070        0x0 common/libcommon.a(cmd_elf.o)
 .bss           0x000000009f02e070        0x0 common/libcommon.a(cmd_flash.o)
 .bss           0x000000009f02e070        0x0 common/libcommon.a(cmd_itest.o)
 .bss           0x000000009f02e070       0x60 common/libcommon.a(cmd_mem.o)
 .bss           0x000000009f02e0d0        0x0 common/libcommon.a(cmd_mii.o)
 .bss           0x000000009f02e0d0        0x0 common/libcommon.a(cmd_misc.o)
 .bss           0x000000009f02e0d0        0x0 common/libcommon.a(cmd_net.o)
 .bss           0x000000009f02e0d0        0x0 common/libcommon.a(cmd_nvedit.o)
 .bss           0x000000009f02e0d0        0x0 common/libcommon.a(cmd_pci.o)
 .bss           0x000000009f02e0d0       0x10 common/libcommon.a(cmd_ethreg.o)
 .bss           0x000000009f02e0e0        0x0 common/libcommon.a(cmd_pll.o)
 .bss           0x000000009f02e0e0        0x0 common/libcommon.a(command.o)
 .bss           0x000000009f02e0e0       0x10 common/libcommon.a(console.o)
 .bss           0x000000009f02e0f0       0x10 common/libcommon.a(devices.o)
                0x000000009f02e0f0                devlist
                0x000000009f02e0f4                stdio_devices
 .bss           0x000000009f02e100       0x40 common/libcommon.a(dlmalloc.o)
 .bss           0x000000009f02e140        0x0 common/libcommon.a(env_common.o)
 .bss           0x000000009f02e140        0x0 common/libcommon.a(env_flash.o)
 .bss           0x000000009f02e140      0x350 common/libcommon.a(hush.o)
 .bss           0x000000009f02e490        0x0 common/libcommon.a(lists.o)
 .bss           0x000000009f02e490       0x10 common/libcommon.a(miiphyutil.o)
 .bss           0x000000009f02e4a0        0x0 common/libcommon.a(cmd_custom.o)
 .bss           0x000000009f02e4a0        0x0 common/libcommon.a(flash.o)
 .bss           0x000000009f02e4a0        0x0 common/libcommon.a(main.o)
 .bss           0x000000009f02e4a0        0x0 board/atheros/board955x/libboard955x.a(serial.o)
 .bss           0x000000009f02e4a0        0x0 board/atheros/board955x/libboard955x.a(ath_flash.o)
 .bss           0x000000009f02e4a0        0x0 board/atheros/board955x/libboard955x.a(955x.o)
 .bss           0x000000009f02e4a0       0x10 board/atheros/board955x/libboard955x.a(init-955x.o)
 .bss           0x000000009f02e4b0        0x0 cpu/mips/libmips.a(cpu.o)
 .bss           0x000000009f02e4b0        0x0 cpu/mips/libmips.a(interrupts.o)
 .bss           0x000000009f02e4b0        0x0 cpu/mips/libmips.a(cache.o)
 .bss           0x000000009f02e4b0       0x20 lib_mips/libmips.a(board.o)
 .bss           0x000000009f02e4d0        0x0 lib_mips/libmips.a(time.o)
 .bss           0x000000009f02e4d0       0x20 lib_mips/libmips.a(mips_linux.o)
 .bss           0x000000009f02e4f0       0x20 drivers/libdrivers.a(pci.o)
 .bss           0x000000009f02e510       0xd0 net/libnet.a(net.o)
                0x000000009f02e510                NetOurSubnetMask
                0x000000009f02e514                NetOurGatewayIP
                0x000000009f02e518                NetOurDNSIP
                0x000000009f02e51c                NetOurNISDomain
                0x000000009f02e53c                NetOurHostName
                0x000000009f02e55c                NetOurRootPath
                0x000000009f02e59c                NetBootFileSize
                0x000000009f02e5a0                NetServerEther
                0x000000009f02e5a8                NetEtherNullAddr
                0x000000009f02e5b0                NetRestartWrap
                0x000000009f02e5b4                NetTxPacket
 .bss           0x000000009f02e5e0       0x40 net/libnet.a(tftp.o)
 .bss           0x000000009f02e620        0x0 net/libnet.a(rarp.o)
 .bss           0x000000009f02e620       0x10 net/libnet.a(eth.o)
 .bss           0x000000009f02e630       0x10 net/libnet.a(bootp.o)
                0x000000009f02e630                dhcp_state
                0x000000009f02e634                dhcp_leasetime
                0x000000009f02e638                NetDHCPServerIP
 .bss           0x000000009f02e640      0x8b0 net/libnet.a(nfs.o)
 .bss           0x000000009f02eef0        0x0 rtc/librtc.a(date.o)
 .bss           0x000000009f02eef0        0x0 lib_generic/libgeneric.a(crc32.o)
 .bss           0x000000009f02eef0        0x0 lib_generic/libgeneric.a(ctype.o)
 .bss           0x000000009f02eef0        0x0 lib_generic/libgeneric.a(display_options.o)
 .bss           0x000000009f02eef0        0x0 lib_generic/libgeneric.a(string.o)
 .bss           0x000000009f02eef0        0x0 lib_generic/libgeneric.a(vsprintf.o)
 .bss           0x000000009f02eef0     0x10b0 lib_generic/libgeneric.a(zlib.o)
 .bss           0x000000009f02ffa0       0x10 lib_generic/libgeneric.a(LzmaWrapper.o)
 .bss           0x000000009f02ffb0        0x0 lib_generic/libgeneric.a(md5.o)
 .bss           0x000000009f02ffb0        0x0 lib_generic/libgeneric.a(sha256.o)
 .bss           0x000000009f02ffb0        0x0 lib_generic/libgeneric.a(rsaverify.o)
 .bss           0x000000009f02ffb0        0x0 lib_generic/libgeneric.a(LzmaDecode.o)
 .bss           0x000000009f02ffb0        0x0 lib_generic/libgeneric.a(rsa-mod-exp.o)
 .bss           0x000000009f02ffb0        0x0 lib_generic/libgeneric.a(rsa-checksum.o)
 .bss           0x000000009f02ffb0        0x0 common/libcommon.a(exports.o)
 .bss           0x000000009f02ffb0        0x0 board/atheros/board955x/libboard955x.a(board955x.o)
 .bss           0x000000009f02ffb0       0xe0 board/atheros/board955x/libboard955x.a(ath_pci.o)
 .bss           0x000000009f030090        0x0 board/atheros/board955x/libboard955x.a(qca-eth-955x.o)
 .bss           0x000000009f030090        0x0 board/atheros/board955x/libboard955x.a(extra.o)
 .bss           0x000000009f030090        0x0 board/atheros/board955x/libboard955x.a(athr_ar8035_phy.o)
 .bss           0x000000009f030090        0x0 board/atheros/board955x/libboard955x.a(athr_ar8033_phy.o)
 .bss           0x000000009f030090        0x0 board/atheros/board955x/libboard955x.a(tap-955x.o)
 .bss           0x000000009f030090        0x0 /opt/buildroot-mips-2013.05/usr/lib/gcc/mips-elx-linux-uclibc/4.3.6/libgcc.a(_ashldi3.o)
 COMMON         0x000000009f030090       0x40 common/libcommon.a(cmd_bootm.o)
                0x000000009f030090                header
 COMMON         0x000000009f0300d0      0x200 common/libcommon.a(main.o)
                0x000000009f0300d0                console_buffer
 COMMON         0x000000009f0302d0      0x50c board/atheros/board955x/libboard955x.a(ath_flash.o)
                0x000000009f0302d0                flash_info
 COMMON         0x000000009f0307dc     0x6d00 net/libnet.a(net.o)
                0x000000009f0307dc                NetRxPackets
                0x000000009f03081c                BootFile
                0x000000009f03089c                NetArpWaitPacketBuf
                0x000000009f030ebc                PktBuf
                0x000000009f0374dc                uboot_end = .
Address of section .text set to 0x9f000000
LOAD cpu/mips/start.o
START GROUP
LOAD lib_generic/libgeneric.a
LOAD common/libcommon.a
LOAD board/atheros/board955x/libboard955x.a
LOAD cpu/mips/libmips.a
LOAD lib_mips/libmips.a
LOAD drivers/libdrivers.a
LOAD net/libnet.a
LOAD rtc/librtc.a
END GROUP
LOAD /opt/buildroot-mips-2013.05/usr/lib/gcc/mips-elx-linux-uclibc/4.3.6/libgcc.a
OUTPUT(u-boot elf32-tradbigmips)

.scommon        0x000000009f0374dc       0x90
 .scommon       0x000000009f0374dc       0x10 common/libcommon.a(cmd_mem.o)
                0x000000009f0374dc                dp_last_size
                0x000000009f0374e0                dp_last_addr
                0x000000009f0374e4                mm_last_size
                0x000000009f0374e8                mm_last_addr
 .scommon       0x000000009f0374ec       0x18 common/libcommon.a(cmd_mii.o)
                0x000000009f0374ec                last_reg_hi
                0x000000009f0374f0                last_data
                0x000000009f0374f4                last_addr_hi
                0x000000009f0374f8                last_reg_lo
                0x000000009f0374fc                last_op
                0x000000009f037500                last_addr_lo
 .scommon       0x000000009f037504        0x8 common/libcommon.a(hush.o)
                0x000000009f037504                nesting_level
                0x000000009f037508                last_return_code
 .scommon       0x000000009f03750c        0x4 lib_mips/libmips.a(board.o)
                0x000000009f03750c                monitor_flash_len
 .scommon       0x000000009f037510       0x44 net/libnet.a(net.o)
                0x000000009f037510                NetArpWaitTry
                0x000000009f037514                NetArpWaitPacketMAC
                0x000000009f037518                NetOurEther
                0x000000009f037520                NetOurIP
                0x000000009f037524                NetPingIP
                0x000000009f037528                NetServerIP
                0x000000009f03752c                NetArpWaitTxPacketSize
                0x000000009f037530                NetArpWaitReplyIP
                0x000000009f037534                NetArpWaitTxPacket
                0x000000009f037538                NetArpWaitPacketIP
                0x000000009f03753c                NetState
                0x000000009f037540                NetIPID
                0x000000009f037544                NetRxPkt
                0x000000009f037548                NetRxPktLen
                0x000000009f03754c                NetBootFileXferSize
                0x000000009f037550                NetArpWaitTimerStart
 .scommon       0x000000009f037554        0x4 net/libnet.a(rarp.o)
                0x000000009f037554                RarpTry
 .scommon       0x000000009f037558        0x8 net/libnet.a(bootp.o)
                0x000000009f037558                BootpTry
                0x000000009f03755c                BootpID
 .scommon       0x000000009f037560        0x4 lib_generic/libgeneric.a(string.o)
                0x000000009f037560                ___strtok
 .scommon       0x000000009f037564        0x8 board/atheros/board955x/libboard955x.a(qca-eth-955x.o)
                0x000000009f037564                ath_gmac_macs

.pdr            0x0000000000000000     0x3880
 .pdr           0x0000000000000000       0x20 cpu/mips/start.o
 .pdr           0x0000000000000020       0x40 common/libcommon.a(cmd_autoscript.o)
 .pdr           0x0000000000000060       0x20 common/libcommon.a(cmd_bdinfo.o)
 .pdr           0x0000000000000080       0x20 common/libcommon.a(cmd_boot.o)
 .pdr           0x00000000000000a0      0x120 common/libcommon.a(cmd_bootm.o)
 .pdr           0x00000000000001c0       0x20 common/libcommon.a(cmd_console.o)
 .pdr           0x00000000000001e0       0x80 common/libcommon.a(cmd_elf.o)
 .pdr           0x0000000000000260      0x120 common/libcommon.a(cmd_flash.o)
 .pdr           0x0000000000000380       0x60 common/libcommon.a(cmd_itest.o)
 .pdr           0x00000000000003e0      0x1c0 common/libcommon.a(cmd_mem.o)
 .pdr           0x00000000000005a0       0xc0 common/libcommon.a(cmd_mii.o)
 .pdr           0x0000000000000660       0x20 common/libcommon.a(cmd_misc.o)
 .pdr           0x0000000000000680       0xe0 common/libcommon.a(cmd_net.o)
 .pdr           0x0000000000000760      0x100 common/libcommon.a(cmd_nvedit.o)
 .pdr           0x0000000000000860       0xe0 common/libcommon.a(cmd_pci.o)
 .pdr           0x0000000000000940       0x20 common/libcommon.a(cmd_ethreg.o)
 .pdr           0x0000000000000960       0x20 common/libcommon.a(cmd_pll.o)
 .pdr           0x0000000000000980       0xc0 common/libcommon.a(command.o)
 .pdr           0x0000000000000a40      0x2a0 common/libcommon.a(console.o)
 .pdr           0x0000000000000ce0       0x60 common/libcommon.a(devices.o)
 .pdr           0x0000000000000d40      0x180 common/libcommon.a(dlmalloc.o)
 .pdr           0x0000000000000ec0       0xa0 common/libcommon.a(env_common.o)
 .pdr           0x0000000000000f60       0x80 common/libcommon.a(env_flash.o)
 .pdr           0x0000000000000fe0      0x320 common/libcommon.a(hush.o)
 .pdr           0x0000000000001300      0x1c0 common/libcommon.a(lists.o)
 .pdr           0x00000000000014c0      0x180 common/libcommon.a(miiphyutil.o)
 .pdr           0x0000000000001640       0xa0 common/libcommon.a(cmd_custom.o)
 .pdr           0x00000000000016e0       0x80 common/libcommon.a(flash.o)
 .pdr           0x0000000000001760       0xa0 common/libcommon.a(main.o)
 .pdr           0x0000000000001800       0xc0 board/atheros/board955x/libboard955x.a(serial.o)
 .pdr           0x00000000000018c0       0xc0 board/atheros/board955x/libboard955x.a(ath_flash.o)
 .pdr           0x0000000000001980        0x0 board/atheros/board955x/libboard955x.a(955x.o)
 .pdr           0x0000000000001980       0xa0 board/atheros/board955x/libboard955x.a(init-955x.o)
 .pdr           0x0000000000001a20       0x60 cpu/mips/libmips.a(cpu.o)
 .pdr           0x0000000000001a80       0x40 cpu/mips/libmips.a(interrupts.o)
 .pdr           0x0000000000001ac0      0x120 cpu/mips/libmips.a(cache.o)
 .pdr           0x0000000000001be0      0x120 lib_mips/libmips.a(board.o)
 .pdr           0x0000000000001d00       0xe0 lib_mips/libmips.a(time.o)
 .pdr           0x0000000000001de0       0x40 lib_mips/libmips.a(mips_linux.o)
 .pdr           0x0000000000001e20      0x3a0 drivers/libdrivers.a(pci.o)
 .pdr           0x00000000000021c0      0x360 net/libnet.a(net.o)
 .pdr           0x0000000000002520       0x80 net/libnet.a(tftp.o)
 .pdr           0x00000000000025a0       0x60 net/libnet.a(rarp.o)
 .pdr           0x0000000000002600      0x1a0 net/libnet.a(eth.o)
 .pdr           0x00000000000027a0       0xe0 net/libnet.a(bootp.o)
 .pdr           0x0000000000002880      0x240 net/libnet.a(nfs.o)
 .pdr           0x0000000000002ac0       0x60 rtc/librtc.a(date.o)
 .pdr           0x0000000000002b20       0x20 lib_generic/libgeneric.a(crc32.o)
 .pdr           0x0000000000002b40        0x0 lib_generic/libgeneric.a(ctype.o)
 .pdr           0x0000000000002b40       0x40 lib_generic/libgeneric.a(display_options.o)
 .pdr           0x0000000000002b80      0x260 lib_generic/libgeneric.a(string.o)
 .pdr           0x0000000000002de0       0xc0 lib_generic/libgeneric.a(vsprintf.o)
 .pdr           0x0000000000002ea0      0x1e0 lib_generic/libgeneric.a(zlib.o)
 .pdr           0x0000000000003080       0x20 lib_generic/libgeneric.a(LzmaWrapper.o)
 .pdr           0x00000000000030a0       0xa0 lib_generic/libgeneric.a(md5.o)
 .pdr           0x0000000000003140       0x80 lib_generic/libgeneric.a(sha256.o)
 .pdr           0x00000000000031c0       0xe0 lib_generic/libgeneric.a(rsaverify.o)
 .pdr           0x00000000000032a0       0x40 lib_generic/libgeneric.a(LzmaDecode.o)
 .pdr           0x00000000000032e0       0x60 lib_generic/libgeneric.a(rsa-mod-exp.o)
 .pdr           0x0000000000003340        0x0 lib_generic/libgeneric.a(rsa-checksum.o)
 .pdr           0x0000000000003340       0x60 common/libcommon.a(exports.o)
 .pdr           0x00000000000033a0       0xc0 board/atheros/board955x/libboard955x.a(board955x.o)
 .pdr           0x0000000000003460       0xa0 board/atheros/board955x/libboard955x.a(ath_pci.o)
 .pdr           0x0000000000003500      0x180 board/atheros/board955x/libboard955x.a(qca-eth-955x.o)
 .pdr           0x0000000000003680       0x20 board/atheros/board955x/libboard955x.a(extra.o)
 .pdr           0x00000000000036a0       0xe0 board/atheros/board955x/libboard955x.a(athr_ar8035_phy.o)
 .pdr           0x0000000000003780       0xe0 board/atheros/board955x/libboard955x.a(athr_ar8033_phy.o)
 .pdr           0x0000000000003860        0x0 board/atheros/board955x/libboard955x.a(tap-955x.o)
 .pdr           0x0000000000003860       0x20 /opt/buildroot-mips-2013.05/usr/lib/gcc/mips-elx-linux-uclibc/4.3.6/libgcc.a(_ashldi3.o)

.mdebug.abi32   0x0000000000000000        0x0
 .mdebug.abi32  0x0000000000000000        0x0 common/libcommon.a(cmd_autoscript.o)
 .mdebug.abi32  0x0000000000000000        0x0 common/libcommon.a(cmd_bdinfo.o)
 .mdebug.abi32  0x0000000000000000        0x0 common/libcommon.a(cmd_boot.o)
 .mdebug.abi32  0x0000000000000000        0x0 common/libcommon.a(cmd_bootm.o)
 .mdebug.abi32  0x0000000000000000        0x0 common/libcommon.a(cmd_console.o)
 .mdebug.abi32  0x0000000000000000        0x0 common/libcommon.a(cmd_elf.o)
 .mdebug.abi32  0x0000000000000000        0x0 common/libcommon.a(cmd_flash.o)
 .mdebug.abi32  0x0000000000000000        0x0 common/libcommon.a(cmd_itest.o)
 .mdebug.abi32  0x0000000000000000        0x0 common/libcommon.a(cmd_mem.o)
 .mdebug.abi32  0x0000000000000000        0x0 common/libcommon.a(cmd_mii.o)
 .mdebug.abi32  0x0000000000000000        0x0 common/libcommon.a(cmd_misc.o)
 .mdebug.abi32  0x0000000000000000        0x0 common/libcommon.a(cmd_net.o)
 .mdebug.abi32  0x0000000000000000        0x0 common/libcommon.a(cmd_nvedit.o)
 .mdebug.abi32  0x0000000000000000        0x0 common/libcommon.a(cmd_pci.o)
 .mdebug.abi32  0x0000000000000000        0x0 common/libcommon.a(cmd_ethreg.o)
 .mdebug.abi32  0x0000000000000000        0x0 common/libcommon.a(cmd_pll.o)
 .mdebug.abi32  0x0000000000000000        0x0 common/libcommon.a(command.o)
 .mdebug.abi32  0x0000000000000000        0x0 common/libcommon.a(console.o)
 .mdebug.abi32  0x0000000000000000        0x0 common/libcommon.a(devices.o)
 .mdebug.abi32  0x0000000000000000        0x0 common/libcommon.a(dlmalloc.o)
 .mdebug.abi32  0x0000000000000000        0x0 common/libcommon.a(env_common.o)
 .mdebug.abi32  0x0000000000000000        0x0 common/libcommon.a(env_flash.o)
 .mdebug.abi32  0x0000000000000000        0x0 common/libcommon.a(hush.o)
 .mdebug.abi32  0x0000000000000000        0x0 common/libcommon.a(lists.o)
 .mdebug.abi32  0x0000000000000000        0x0 common/libcommon.a(miiphyutil.o)
 .mdebug.abi32  0x0000000000000000        0x0 common/libcommon.a(cmd_custom.o)
 .mdebug.abi32  0x0000000000000000        0x0 common/libcommon.a(flash.o)
 .mdebug.abi32  0x0000000000000000        0x0 common/libcommon.a(main.o)
 .mdebug.abi32  0x0000000000000000        0x0 board/atheros/board955x/libboard955x.a(serial.o)
 .mdebug.abi32  0x0000000000000000        0x0 board/atheros/board955x/libboard955x.a(ath_flash.o)
 .mdebug.abi32  0x0000000000000000        0x0 board/atheros/board955x/libboard955x.a(init-955x.o)
 .mdebug.abi32  0x0000000000000000        0x0 cpu/mips/libmips.a(cpu.o)
 .mdebug.abi32  0x0000000000000000        0x0 cpu/mips/libmips.a(interrupts.o)
 .mdebug.abi32  0x0000000000000000        0x0 lib_mips/libmips.a(board.o)
 .mdebug.abi32  0x0000000000000000        0x0 lib_mips/libmips.a(time.o)
 .mdebug.abi32  0x0000000000000000        0x0 lib_mips/libmips.a(mips_linux.o)
 .mdebug.abi32  0x0000000000000000        0x0 drivers/libdrivers.a(pci.o)
 .mdebug.abi32  0x0000000000000000        0x0 net/libnet.a(net.o)
 .mdebug.abi32  0x0000000000000000        0x0 net/libnet.a(tftp.o)
 .mdebug.abi32  0x0000000000000000        0x0 net/libnet.a(rarp.o)
 .mdebug.abi32  0x0000000000000000        0x0 net/libnet.a(eth.o)
 .mdebug.abi32  0x0000000000000000        0x0 net/libnet.a(bootp.o)
 .mdebug.abi32  0x0000000000000000        0x0 net/libnet.a(nfs.o)
 .mdebug.abi32  0x0000000000000000        0x0 rtc/librtc.a(date.o)
 .mdebug.abi32  0x0000000000000000        0x0 lib_generic/libgeneric.a(crc32.o)
 .mdebug.abi32  0x0000000000000000        0x0 lib_generic/libgeneric.a(ctype.o)
 .mdebug.abi32  0x0000000000000000        0x0 lib_generic/libgeneric.a(display_options.o)
 .mdebug.abi32  0x0000000000000000        0x0 lib_generic/libgeneric.a(string.o)
 .mdebug.abi32  0x0000000000000000        0x0 lib_generic/libgeneric.a(vsprintf.o)
 .mdebug.abi32  0x0000000000000000        0x0 lib_generic/libgeneric.a(zlib.o)
 .mdebug.abi32  0x0000000000000000        0x0 lib_generic/libgeneric.a(LzmaWrapper.o)
 .mdebug.abi32  0x0000000000000000        0x0 lib_generic/libgeneric.a(md5.o)
 .mdebug.abi32  0x0000000000000000        0x0 lib_generic/libgeneric.a(sha256.o)
 .mdebug.abi32  0x0000000000000000        0x0 lib_generic/libgeneric.a(rsaverify.o)
 .mdebug.abi32  0x0000000000000000        0x0 lib_generic/libgeneric.a(LzmaDecode.o)
 .mdebug.abi32  0x0000000000000000        0x0 lib_generic/libgeneric.a(rsa-mod-exp.o)
 .mdebug.abi32  0x0000000000000000        0x0 lib_generic/libgeneric.a(rsa-checksum.o)
 .mdebug.abi32  0x0000000000000000        0x0 common/libcommon.a(exports.o)
 .mdebug.abi32  0x0000000000000000        0x0 board/atheros/board955x/libboard955x.a(board955x.o)
 .mdebug.abi32  0x0000000000000000        0x0 board/atheros/board955x/libboard955x.a(ath_pci.o)
 .mdebug.abi32  0x0000000000000000        0x0 board/atheros/board955x/libboard955x.a(qca-eth-955x.o)
 .mdebug.abi32  0x0000000000000000        0x0 board/atheros/board955x/libboard955x.a(extra.o)
 .mdebug.abi32  0x0000000000000000        0x0 board/atheros/board955x/libboard955x.a(athr_ar8035_phy.o)
 .mdebug.abi32  0x0000000000000000        0x0 board/atheros/board955x/libboard955x.a(athr_ar8033_phy.o)
 .mdebug.abi32  0x0000000000000000        0x0 /opt/buildroot-mips-2013.05/usr/lib/gcc/mips-elx-linux-uclibc/4.3.6/libgcc.a(_ashldi3.o)

.comment        0x0000000000000000       0x1f
 .comment       0x0000000000000000       0x1f common/libcommon.a(cmd_autoscript.o)
                                         0x20 (size before relaxing)
 .comment       0x0000000000000000       0x20 common/libcommon.a(cmd_bdinfo.o)
 .comment       0x0000000000000000       0x20 common/libcommon.a(cmd_boot.o)
 .comment       0x0000000000000000       0x20 common/libcommon.a(cmd_bootm.o)
 .comment       0x0000000000000000       0x20 common/libcommon.a(cmd_console.o)
 .comment       0x0000000000000000       0x20 common/libcommon.a(cmd_elf.o)
 .comment       0x0000000000000000       0x20 common/libcommon.a(cmd_flash.o)
 .comment       0x0000000000000000       0x20 common/libcommon.a(cmd_itest.o)
 .comment       0x0000000000000000       0x20 common/libcommon.a(cmd_mem.o)
 .comment       0x0000000000000000       0x20 common/libcommon.a(cmd_mii.o)
 .comment       0x0000000000000000       0x20 common/libcommon.a(cmd_misc.o)
 .comment       0x0000000000000000       0x20 common/libcommon.a(cmd_net.o)
 .comment       0x0000000000000000       0x20 common/libcommon.a(cmd_nvedit.o)
 .comment       0x0000000000000000       0x20 common/libcommon.a(cmd_pci.o)
 .comment       0x0000000000000000       0x20 common/libcommon.a(cmd_ethreg.o)
 .comment       0x0000000000000000       0x20 common/libcommon.a(cmd_pll.o)
 .comment       0x0000000000000000       0x20 common/libcommon.a(command.o)
 .comment       0x0000000000000000       0x20 common/libcommon.a(console.o)
 .comment       0x0000000000000000       0x20 common/libcommon.a(devices.o)
 .comment       0x0000000000000000       0x20 common/libcommon.a(dlmalloc.o)
 .comment       0x0000000000000000       0x20 common/libcommon.a(env_common.o)
 .comment       0x0000000000000000       0x20 common/libcommon.a(env_flash.o)
 .comment       0x0000000000000000       0x20 common/libcommon.a(hush.o)
 .comment       0x0000000000000000       0x20 common/libcommon.a(lists.o)
 .comment       0x0000000000000000       0x20 common/libcommon.a(miiphyutil.o)
 .comment       0x0000000000000000       0x20 common/libcommon.a(cmd_custom.o)
 .comment       0x0000000000000000       0x20 common/libcommon.a(flash.o)
 .comment       0x0000000000000000       0x20 common/libcommon.a(main.o)
 .comment       0x0000000000000000       0x20 board/atheros/board955x/libboard955x.a(serial.o)
 .comment       0x0000000000000000       0x20 board/atheros/board955x/libboard955x.a(ath_flash.o)
 .comment       0x0000000000000000       0x20 board/atheros/board955x/libboard955x.a(init-955x.o)
 .comment       0x0000000000000000       0x20 cpu/mips/libmips.a(cpu.o)
 .comment       0x0000000000000000       0x20 cpu/mips/libmips.a(interrupts.o)
 .comment       0x0000000000000000       0x20 lib_mips/libmips.a(board.o)
 .comment       0x0000000000000000       0x20 lib_mips/libmips.a(time.o)
 .comment       0x0000000000000000       0x20 lib_mips/libmips.a(mips_linux.o)
 .comment       0x0000000000000000       0x20 drivers/libdrivers.a(pci.o)
 .comment       0x0000000000000000       0x20 net/libnet.a(net.o)
 .comment       0x0000000000000000       0x20 net/libnet.a(tftp.o)
 .comment       0x0000000000000000       0x20 net/libnet.a(rarp.o)
 .comment       0x0000000000000000       0x20 net/libnet.a(eth.o)
 .comment       0x0000000000000000       0x20 net/libnet.a(bootp.o)
 .comment       0x0000000000000000       0x20 net/libnet.a(nfs.o)
 .comment       0x0000000000000000       0x20 rtc/librtc.a(date.o)
 .comment       0x0000000000000000       0x20 lib_generic/libgeneric.a(crc32.o)
 .comment       0x0000000000000000       0x20 lib_generic/libgeneric.a(ctype.o)
 .comment       0x0000000000000000       0x20 lib_generic/libgeneric.a(display_options.o)
 .comment       0x0000000000000000       0x20 lib_generic/libgeneric.a(string.o)
 .comment       0x0000000000000000       0x20 lib_generic/libgeneric.a(vsprintf.o)
 .comment       0x0000000000000000       0x20 lib_generic/libgeneric.a(zlib.o)
 .comment       0x0000000000000000       0x20 lib_generic/libgeneric.a(LzmaWrapper.o)
 .comment       0x0000000000000000       0x20 lib_generic/libgeneric.a(md5.o)
 .comment       0x0000000000000000       0x20 lib_generic/libgeneric.a(sha256.o)
 .comment       0x0000000000000000       0x20 lib_generic/libgeneric.a(rsaverify.o)
 .comment       0x0000000000000000       0x20 lib_generic/libgeneric.a(LzmaDecode.o)
 .comment       0x0000000000000000       0x20 lib_generic/libgeneric.a(rsa-mod-exp.o)
 .comment       0x0000000000000000       0x20 lib_generic/libgeneric.a(rsa-checksum.o)
 .comment       0x0000000000000000       0x20 common/libcommon.a(exports.o)
 .comment       0x0000000000000000       0x20 board/atheros/board955x/libboard955x.a(board955x.o)
 .comment       0x0000000000000000       0x20 board/atheros/board955x/libboard955x.a(ath_pci.o)
 .comment       0x0000000000000000       0x20 board/atheros/board955x/libboard955x.a(qca-eth-955x.o)
 .comment       0x0000000000000000       0x20 board/atheros/board955x/libboard955x.a(extra.o)
 .comment       0x0000000000000000       0x20 board/atheros/board955x/libboard955x.a(athr_ar8035_phy.o)
 .comment       0x0000000000000000       0x20 board/atheros/board955x/libboard955x.a(athr_ar8033_phy.o)
 .comment       0x0000000000000000       0x20 /opt/buildroot-mips-2013.05/usr/lib/gcc/mips-elx-linux-uclibc/4.3.6/libgcc.a(_ashldi3.o)

.gnu.attributes
                0x0000000000000000       0x10
 .gnu.attributes
                0x0000000000000000       0x10 common/libcommon.a(cmd_autoscript.o)
 .gnu.attributes
                0x0000000000000010       0x10 common/libcommon.a(cmd_bdinfo.o)
 .gnu.attributes
                0x0000000000000020       0x10 common/libcommon.a(cmd_boot.o)
 .gnu.attributes
                0x0000000000000030       0x10 common/libcommon.a(cmd_bootm.o)
 .gnu.attributes
                0x0000000000000040       0x10 common/libcommon.a(cmd_console.o)
 .gnu.attributes
                0x0000000000000050       0x10 common/libcommon.a(cmd_elf.o)
 .gnu.attributes
                0x0000000000000060       0x10 common/libcommon.a(cmd_flash.o)
 .gnu.attributes
                0x0000000000000070       0x10 common/libcommon.a(cmd_itest.o)
 .gnu.attributes
                0x0000000000000080       0x10 common/libcommon.a(cmd_mem.o)
 .gnu.attributes
                0x0000000000000090       0x10 common/libcommon.a(cmd_mii.o)
 .gnu.attributes
                0x00000000000000a0       0x10 common/libcommon.a(cmd_misc.o)
 .gnu.attributes
                0x00000000000000b0       0x10 common/libcommon.a(cmd_net.o)
 .gnu.attributes
                0x00000000000000c0       0x10 common/libcommon.a(cmd_nvedit.o)
 .gnu.attributes
                0x00000000000000d0       0x10 common/libcommon.a(cmd_pci.o)
 .gnu.attributes
                0x00000000000000e0       0x10 common/libcommon.a(cmd_ethreg.o)
 .gnu.attributes
                0x00000000000000f0       0x10 common/libcommon.a(cmd_pll.o)
 .gnu.attributes
                0x0000000000000100       0x10 common/libcommon.a(command.o)
 .gnu.attributes
                0x0000000000000110       0x10 common/libcommon.a(console.o)
 .gnu.attributes
                0x0000000000000120       0x10 common/libcommon.a(devices.o)
 .gnu.attributes
                0x0000000000000130       0x10 common/libcommon.a(dlmalloc.o)
 .gnu.attributes
                0x0000000000000140       0x10 common/libcommon.a(env_common.o)
 .gnu.attributes
                0x0000000000000150       0x10 common/libcommon.a(env_flash.o)
 .gnu.attributes
                0x0000000000000160       0x10 common/libcommon.a(hush.o)
 .gnu.attributes
                0x0000000000000170       0x10 common/libcommon.a(lists.o)
 .gnu.attributes
                0x0000000000000180       0x10 common/libcommon.a(miiphyutil.o)
 .gnu.attributes
                0x0000000000000190       0x10 common/libcommon.a(cmd_custom.o)
 .gnu.attributes
                0x00000000000001a0       0x10 common/libcommon.a(flash.o)
 .gnu.attributes
                0x00000000000001b0       0x10 common/libcommon.a(main.o)
 .gnu.attributes
                0x00000000000001c0       0x10 board/atheros/board955x/libboard955x.a(serial.o)
 .gnu.attributes
                0x00000000000001d0       0x10 board/atheros/board955x/libboard955x.a(ath_flash.o)
 .gnu.attributes
                0x00000000000001e0       0x10 board/atheros/board955x/libboard955x.a(init-955x.o)
 .gnu.attributes
                0x00000000000001f0       0x10 cpu/mips/libmips.a(cpu.o)
 .gnu.attributes
                0x0000000000000200       0x10 cpu/mips/libmips.a(interrupts.o)
 .gnu.attributes
                0x0000000000000210       0x10 lib_mips/libmips.a(board.o)
 .gnu.attributes
                0x0000000000000220       0x10 lib_mips/libmips.a(time.o)
 .gnu.attributes
                0x0000000000000230       0x10 lib_mips/libmips.a(mips_linux.o)
 .gnu.attributes
                0x0000000000000240       0x10 drivers/libdrivers.a(pci.o)
 .gnu.attributes
                0x0000000000000250       0x10 net/libnet.a(net.o)
 .gnu.attributes
                0x0000000000000260       0x10 net/libnet.a(tftp.o)
 .gnu.attributes
                0x0000000000000270       0x10 net/libnet.a(rarp.o)
 .gnu.attributes
                0x0000000000000280       0x10 net/libnet.a(eth.o)
 .gnu.attributes
                0x0000000000000290       0x10 net/libnet.a(bootp.o)
 .gnu.attributes
                0x00000000000002a0       0x10 net/libnet.a(nfs.o)
 .gnu.attributes
                0x00000000000002b0       0x10 rtc/librtc.a(date.o)
 .gnu.attributes
                0x00000000000002c0       0x10 lib_generic/libgeneric.a(crc32.o)
 .gnu.attributes
                0x00000000000002d0       0x10 lib_generic/libgeneric.a(ctype.o)
 .gnu.attributes
                0x00000000000002e0       0x10 lib_generic/libgeneric.a(display_options.o)
 .gnu.attributes
                0x00000000000002f0       0x10 lib_generic/libgeneric.a(string.o)
 .gnu.attributes
                0x0000000000000300       0x10 lib_generic/libgeneric.a(vsprintf.o)
 .gnu.attributes
                0x0000000000000310       0x10 lib_generic/libgeneric.a(zlib.o)
 .gnu.attributes
                0x0000000000000320       0x10 lib_generic/libgeneric.a(LzmaWrapper.o)
 .gnu.attributes
                0x0000000000000330       0x10 lib_generic/libgeneric.a(md5.o)
 .gnu.attributes
                0x0000000000000340       0x10 lib_generic/libgeneric.a(sha256.o)
 .gnu.attributes
                0x0000000000000350       0x10 lib_generic/libgeneric.a(rsaverify.o)
 .gnu.attributes
                0x0000000000000360       0x10 lib_generic/libgeneric.a(LzmaDecode.o)
 .gnu.attributes
                0x0000000000000370       0x10 lib_generic/libgeneric.a(rsa-mod-exp.o)
 .gnu.attributes
                0x0000000000000380       0x10 lib_generic/libgeneric.a(rsa-checksum.o)
 .gnu.attributes
                0x0000000000000390       0x10 common/libcommon.a(exports.o)
 .gnu.attributes
                0x00000000000003a0       0x10 board/atheros/board955x/libboard955x.a(board955x.o)
 .gnu.attributes
                0x00000000000003b0       0x10 board/atheros/board955x/libboard955x.a(ath_pci.o)
 .gnu.attributes
                0x00000000000003c0       0x10 board/atheros/board955x/libboard955x.a(qca-eth-955x.o)
 .gnu.attributes
                0x00000000000003d0       0x10 board/atheros/board955x/libboard955x.a(extra.o)
 .gnu.attributes
                0x00000000000003e0       0x10 board/atheros/board955x/libboard955x.a(athr_ar8035_phy.o)
 .gnu.attributes
                0x00000000000003f0       0x10 board/atheros/board955x/libboard955x.a(athr_ar8033_phy.o)
 .gnu.attributes
                0x0000000000000400       0x10 /opt/buildroot-mips-2013.05/usr/lib/gcc/mips-elx-linux-uclibc/4.3.6/libgcc.a(_ashldi3.o)

.stab           0x0000000000000000     0x1a70
 .stab          0x0000000000000000      0xbac cpu/mips/start.o
 .stab          0x0000000000000bac      0x234 board/atheros/board955x/libboard955x.a(955x.o)
                                        0x240 (size before relaxing)
 .stab          0x0000000000000de0      0x6a8 cpu/mips/libmips.a(cache.o)
                                        0x6b4 (size before relaxing)
 .stab          0x0000000000001488      0x5e8 board/atheros/board955x/libboard955x.a(tap-955x.o)
                                        0x5f4 (size before relaxing)

.stabstr        0x0000000000000000      0x237
 .stabstr       0x0000000000000000      0x237 cpu/mips/start.o

.debug_abbrev   0x0000000000000000     0x7d09
 .debug_abbrev  0x0000000000000000      0x11f common/libcommon.a(cmd_autoscript.o)
 .debug_abbrev  0x000000000000011f      0x15d common/libcommon.a(cmd_bdinfo.o)
 .debug_abbrev  0x000000000000027c      0x113 common/libcommon.a(cmd_boot.o)
 .debug_abbrev  0x000000000000038f      0x312 common/libcommon.a(cmd_bootm.o)
 .debug_abbrev  0x00000000000006a1      0x14f common/libcommon.a(cmd_console.o)
 .debug_abbrev  0x00000000000007f0      0x1f0 common/libcommon.a(cmd_elf.o)
 .debug_abbrev  0x00000000000009e0      0x223 common/libcommon.a(cmd_flash.o)
 .debug_abbrev  0x0000000000000c03      0x1dc common/libcommon.a(cmd_itest.o)
 .debug_abbrev  0x0000000000000ddf      0x225 common/libcommon.a(cmd_mem.o)
 .debug_abbrev  0x0000000000001004      0x306 common/libcommon.a(cmd_mii.o)
 .debug_abbrev  0x000000000000130a       0xd3 common/libcommon.a(cmd_misc.o)
 .debug_abbrev  0x00000000000013dd      0x221 common/libcommon.a(cmd_net.o)
 .debug_abbrev  0x00000000000015fe      0x27e common/libcommon.a(cmd_nvedit.o)
 .debug_abbrev  0x000000000000187c      0x301 common/libcommon.a(cmd_pci.o)
 .debug_abbrev  0x0000000000001b7d       0xef common/libcommon.a(cmd_ethreg.o)
 .debug_abbrev  0x0000000000001c6c      0x176 common/libcommon.a(cmd_pll.o)
 .debug_abbrev  0x0000000000001de2      0x225 common/libcommon.a(command.o)
 .debug_abbrev  0x0000000000002007      0x333 common/libcommon.a(console.o)
 .debug_abbrev  0x000000000000233a      0x1bc common/libcommon.a(devices.o)
 .debug_abbrev  0x00000000000024f6      0x23f common/libcommon.a(dlmalloc.o)
 .debug_abbrev  0x0000000000002735      0x16c common/libcommon.a(env_common.o)
 .debug_abbrev  0x00000000000028a1      0x1b1 common/libcommon.a(env_flash.o)
 .debug_abbrev  0x0000000000002a52      0x3ee common/libcommon.a(hush.o)
 .debug_abbrev  0x0000000000002e40      0x21a common/libcommon.a(lists.o)
 .debug_abbrev  0x000000000000305a      0x23e common/libcommon.a(miiphyutil.o)
 .debug_abbrev  0x0000000000003298      0x2c0 common/libcommon.a(cmd_custom.o)
 .debug_abbrev  0x0000000000003558      0x190 common/libcommon.a(flash.o)
 .debug_abbrev  0x00000000000036e8      0x25b common/libcommon.a(main.o)
 .debug_abbrev  0x0000000000003943      0x119 board/atheros/board955x/libboard955x.a(serial.o)
 .debug_abbrev  0x0000000000003a5c      0x286 board/atheros/board955x/libboard955x.a(ath_flash.o)
 .debug_abbrev  0x0000000000003ce2      0x1da board/atheros/board955x/libboard955x.a(init-955x.o)
 .debug_abbrev  0x0000000000003ebc      0x12c cpu/mips/libmips.a(cpu.o)
 .debug_abbrev  0x0000000000003fe8       0x65 cpu/mips/libmips.a(interrupts.o)
 .debug_abbrev  0x000000000000404d      0x2f6 lib_mips/libmips.a(board.o)
 .debug_abbrev  0x0000000000004343      0x179 lib_mips/libmips.a(time.o)
 .debug_abbrev  0x00000000000044bc      0x220 lib_mips/libmips.a(mips_linux.o)
 .debug_abbrev  0x00000000000046dc      0x2b4 drivers/libdrivers.a(pci.o)
 .debug_abbrev  0x0000000000004990      0x43b net/libnet.a(net.o)
 .debug_abbrev  0x0000000000004dcb      0x1e0 net/libnet.a(tftp.o)
 .debug_abbrev  0x0000000000004fab      0x16d net/libnet.a(rarp.o)
 .debug_abbrev  0x0000000000005118      0x300 net/libnet.a(eth.o)
 .debug_abbrev  0x0000000000005418      0x36f net/libnet.a(bootp.o)
 .debug_abbrev  0x0000000000005787      0x335 net/libnet.a(nfs.o)
 .debug_abbrev  0x0000000000005abc      0x130 rtc/librtc.a(date.o)
 .debug_abbrev  0x0000000000005bec       0x9c lib_generic/libgeneric.a(crc32.o)
 .debug_abbrev  0x0000000000005c88       0x4b lib_generic/libgeneric.a(ctype.o)
 .debug_abbrev  0x0000000000005cd3       0xcb lib_generic/libgeneric.a(display_options.o)
 .debug_abbrev  0x0000000000005d9e      0x261 lib_generic/libgeneric.a(string.o)
 .debug_abbrev  0x0000000000005fff      0x21a lib_generic/libgeneric.a(vsprintf.o)
 .debug_abbrev  0x0000000000006219      0x33b lib_generic/libgeneric.a(zlib.o)
 .debug_abbrev  0x0000000000006554      0x1a7 lib_generic/libgeneric.a(LzmaWrapper.o)
 .debug_abbrev  0x00000000000066fb      0x1e1 lib_generic/libgeneric.a(md5.o)
 .debug_abbrev  0x00000000000068dc      0x198 lib_generic/libgeneric.a(sha256.o)
 .debug_abbrev  0x0000000000006a74      0x2c4 lib_generic/libgeneric.a(rsaverify.o)
 .debug_abbrev  0x0000000000006d38      0x142 lib_generic/libgeneric.a(LzmaDecode.o)
 .debug_abbrev  0x0000000000006e7a      0x23f lib_generic/libgeneric.a(rsa-mod-exp.o)
 .debug_abbrev  0x00000000000070b9       0x73 lib_generic/libgeneric.a(rsa-checksum.o)
 .debug_abbrev  0x000000000000712c      0x114 common/libcommon.a(exports.o)
 .debug_abbrev  0x0000000000007240       0xf4 board/atheros/board955x/libboard955x.a(board955x.o)
 .debug_abbrev  0x0000000000007334      0x20c board/atheros/board955x/libboard955x.a(ath_pci.o)
 .debug_abbrev  0x0000000000007540      0x3ad board/atheros/board955x/libboard955x.a(qca-eth-955x.o)
 .debug_abbrev  0x00000000000078ed       0xbc board/atheros/board955x/libboard955x.a(extra.o)
 .debug_abbrev  0x00000000000079a9      0x15e board/atheros/board955x/libboard955x.a(athr_ar8035_phy.o)
 .debug_abbrev  0x0000000000007b07      0x117 board/atheros/board955x/libboard955x.a(athr_ar8033_phy.o)
 .debug_abbrev  0x0000000000007c1e       0xeb /opt/buildroot-mips-2013.05/usr/lib/gcc/mips-elx-linux-uclibc/4.3.6/libgcc.a(_ashldi3.o)

.debug_info     0x0000000000000000    0x1c432
 .debug_info    0x0000000000000000      0x36e common/libcommon.a(cmd_autoscript.o)
 .debug_info    0x000000000000036e      0x3fb common/libcommon.a(cmd_bdinfo.o)
 .debug_info    0x0000000000000769      0x346 common/libcommon.a(cmd_boot.o)
 .debug_info    0x0000000000000aaf     0x1180 common/libcommon.a(cmd_bootm.o)